Archive member included to satisfy reference by file (symbol)

C:/Program Files/CIDEfor2370/STM32CubeIDE/plugins/com.st.stm32cube.ide.mcu.externaltools.gnu-tools-for-stm32.12.3.rel1.win32_1.0.200.202406191623/tools/bin/../lib/gcc/arm-none-eabi/12.3.1/../../../../arm-none-eabi/lib/thumb/v7e-m+fp/hard\libc_nano.a(libc_a-exit.o)
                              C:/Program Files/CIDEfor2370/STM32CubeIDE/plugins/com.st.stm32cube.ide.mcu.externaltools.gnu-tools-for-stm32.12.3.rel1.win32_1.0.200.202406191623/tools/bin/../lib/gcc/arm-none-eabi/12.3.1/../../../../arm-none-eabi/lib/thumb/v7e-m+fp/hard/crt0.o (exit)
C:/Program Files/CIDEfor2370/STM32CubeIDE/plugins/com.st.stm32cube.ide.mcu.externaltools.gnu-tools-for-stm32.12.3.rel1.win32_1.0.200.202406191623/tools/bin/../lib/gcc/arm-none-eabi/12.3.1/../../../../arm-none-eabi/lib/thumb/v7e-m+fp/hard\libc_nano.a(libc_a-malloc.o)
                              ./Core/Src/gameLogic.o (malloc)
C:/Program Files/CIDEfor2370/STM32CubeIDE/plugins/com.st.stm32cube.ide.mcu.externaltools.gnu-tools-for-stm32.12.3.rel1.win32_1.0.200.202406191623/tools/bin/../lib/gcc/arm-none-eabi/12.3.1/../../../../arm-none-eabi/lib/thumb/v7e-m+fp/hard\libc_nano.a(libc_a-mallocr.o)
                              C:/Program Files/CIDEfor2370/STM32CubeIDE/plugins/com.st.stm32cube.ide.mcu.externaltools.gnu-tools-for-stm32.12.3.rel1.win32_1.0.200.202406191623/tools/bin/../lib/gcc/arm-none-eabi/12.3.1/../../../../arm-none-eabi/lib/thumb/v7e-m+fp/hard\libc_nano.a(libc_a-malloc.o) (_malloc_r)
C:/Program Files/CIDEfor2370/STM32CubeIDE/plugins/com.st.stm32cube.ide.mcu.externaltools.gnu-tools-for-stm32.12.3.rel1.win32_1.0.200.202406191623/tools/bin/../lib/gcc/arm-none-eabi/12.3.1/../../../../arm-none-eabi/lib/thumb/v7e-m+fp/hard\libc_nano.a(libc_a-mlock.o)
                              C:/Program Files/CIDEfor2370/STM32CubeIDE/plugins/com.st.stm32cube.ide.mcu.externaltools.gnu-tools-for-stm32.12.3.rel1.win32_1.0.200.202406191623/tools/bin/../lib/gcc/arm-none-eabi/12.3.1/../../../../arm-none-eabi/lib/thumb/v7e-m+fp/hard\libc_nano.a(libc_a-mallocr.o) (__malloc_lock)
C:/Program Files/CIDEfor2370/STM32CubeIDE/plugins/com.st.stm32cube.ide.mcu.externaltools.gnu-tools-for-stm32.12.3.rel1.win32_1.0.200.202406191623/tools/bin/../lib/gcc/arm-none-eabi/12.3.1/../../../../arm-none-eabi/lib/thumb/v7e-m+fp/hard\libc_nano.a(libc_a-findfp.o)
                              C:/Program Files/CIDEfor2370/STM32CubeIDE/plugins/com.st.stm32cube.ide.mcu.externaltools.gnu-tools-for-stm32.12.3.rel1.win32_1.0.200.202406191623/tools/bin/../lib/gcc/arm-none-eabi/12.3.1/../../../../arm-none-eabi/lib/thumb/v7e-m+fp/hard\libc_nano.a(libc_a-exit.o) (__stdio_exit_handler)
C:/Program Files/CIDEfor2370/STM32CubeIDE/plugins/com.st.stm32cube.ide.mcu.externaltools.gnu-tools-for-stm32.12.3.rel1.win32_1.0.200.202406191623/tools/bin/../lib/gcc/arm-none-eabi/12.3.1/../../../../arm-none-eabi/lib/thumb/v7e-m+fp/hard\libc_nano.a(libc_a-fwalk.o)
                              C:/Program Files/CIDEfor2370/STM32CubeIDE/plugins/com.st.stm32cube.ide.mcu.externaltools.gnu-tools-for-stm32.12.3.rel1.win32_1.0.200.202406191623/tools/bin/../lib/gcc/arm-none-eabi/12.3.1/../../../../arm-none-eabi/lib/thumb/v7e-m+fp/hard\libc_nano.a(libc_a-findfp.o) (_fwalk_sglue)
C:/Program Files/CIDEfor2370/STM32CubeIDE/plugins/com.st.stm32cube.ide.mcu.externaltools.gnu-tools-for-stm32.12.3.rel1.win32_1.0.200.202406191623/tools/bin/../lib/gcc/arm-none-eabi/12.3.1/../../../../arm-none-eabi/lib/thumb/v7e-m+fp/hard\libc_nano.a(libc_a-printf.o)
                              ./Core/Src/ApplicationCode.o (printf)
C:/Program Files/CIDEfor2370/STM32CubeIDE/plugins/com.st.stm32cube.ide.mcu.externaltools.gnu-tools-for-stm32.12.3.rel1.win32_1.0.200.202406191623/tools/bin/../lib/gcc/arm-none-eabi/12.3.1/../../../../arm-none-eabi/lib/thumb/v7e-m+fp/hard\libc_nano.a(libc_a-puts.o)
                              ./Core/Src/ApplicationCode.o (puts)
C:/Program Files/CIDEfor2370/STM32CubeIDE/plugins/com.st.stm32cube.ide.mcu.externaltools.gnu-tools-for-stm32.12.3.rel1.win32_1.0.200.202406191623/tools/bin/../lib/gcc/arm-none-eabi/12.3.1/../../../../arm-none-eabi/lib/thumb/v7e-m+fp/hard\libc_nano.a(libc_a-stdio.o)
                              C:/Program Files/CIDEfor2370/STM32CubeIDE/plugins/com.st.stm32cube.ide.mcu.externaltools.gnu-tools-for-stm32.12.3.rel1.win32_1.0.200.202406191623/tools/bin/../lib/gcc/arm-none-eabi/12.3.1/../../../../arm-none-eabi/lib/thumb/v7e-m+fp/hard\libc_nano.a(libc_a-findfp.o) (__sread)
C:/Program Files/CIDEfor2370/STM32CubeIDE/plugins/com.st.stm32cube.ide.mcu.externaltools.gnu-tools-for-stm32.12.3.rel1.win32_1.0.200.202406191623/tools/bin/../lib/gcc/arm-none-eabi/12.3.1/../../../../arm-none-eabi/lib/thumb/v7e-m+fp/hard\libc_nano.a(libc_a-wbuf.o)
[...]
Memory Configuration

Name             Origin             Length             Attributes
CCMRAM           0x10000000         0x00010000         xrw
RAM              0x20000000         0x00030000         xrw
FLASH            0x08000000         0x00200000         xr
*default*        0x00000000         0xffffffff

Linker script and memory map

LOAD C:/Program Files/CIDEfor2370/STM32CubeIDE/plugins/com.st.stm32cube.ide.mcu.externaltools.gnu-tools-for-stm32.12.3.rel1.win32_1.0.200.202406191623/tools/bin/../lib/gcc/arm-none-eabi/12.3.1/thumb/v7e-m+fp/hard/crti.o
LOAD C:/Program Files/CIDEfor2370/STM32CubeIDE/plugins/com.st.stm32cube.ide.mcu.externaltools.gnu-tools-for-stm32.12.3.rel1.win32_1.0.200.202406191623/tools/bin/../lib/gcc/arm-none-eabi/12.3.1/thumb/v7e-m+fp/hard/crtbegin.o
LOAD C:/Program Files/CIDEfor2370/STM32CubeIDE/plugins/com.st.stm32cube.ide.mcu.externaltools.gnu-tools-for-stm32.12.3.rel1.win32_1.0.200.202406191623/tools/bin/../lib/gcc/arm-none-eabi/12.3.1/../../../../arm-none-eabi/lib/thumb/v7e-m+fp/hard/crt0.o
LOAD ./Core/Src/ApplicationCode.o
LOAD ./Core/Src/Button_Driver.o
LOAD ./Core/Src/InterruptControl.o
LOAD ./Core/Src/LCD_Driver.o
LOAD ./Core/Src/RNG.o
LOAD ./Core/Src/Scheduler.o
LOAD ./Core/Src/Timer_Driver.o
LOAD ./Core/Src/fonts.o
LOAD ./Core/Src/gameLogic.o
LOAD ./Core/Src/ili9341.o
LOAD ./Core/Src/main.o
LOAD ./Core/Src/stm32f4xx_hal_msp.o
LOAD ./Core/Src/stm32f4xx_it.o
LOAD ./Core/Src/stmpe811.o
LOAD ./Core/Src/syscalls.o
LOAD ./Core/Src/sysmem.o
LOAD ./Core/Src/system_stm32f4xx.o
LOAD ./Core/Startup/startup_stm32f429zitx.o
LOAD ./Drivers/STM32F4xx_HAL_Driver/Src/stm32f4xx_hal.o
LOAD ./Drivers/STM32F4xx_HAL_Driver/Src/stm32f4xx_hal_cortex.o
LOAD ./Drivers/STM32F4xx_HAL_Driver/Src/stm32f4xx_hal_dma.o
LOAD ./Drivers/STM32F4xx_HAL_Driver/Src/stm32f4xx_hal_dma_ex.o
LOAD ./Drivers/STM32F4xx_HAL_Driver/Src/stm32f4xx_hal_dsi.o
LOAD ./Drivers/STM32F4xx_HAL_Driver/Src/stm32f4xx_hal_exti.o
LOAD ./Drivers/STM32F4xx_HAL_Driver/Src/stm32f4xx_hal_flash.o
LOAD ./Drivers/STM32F4xx_HAL_Driver/Src/stm32f4xx_hal_flash_ex.o
LOAD ./Drivers/STM32F4xx_HAL_Driver/Src/stm32f4xx_hal_flash_ramfunc.o
LOAD ./Drivers/STM32F4xx_HAL_Driver/Src/stm32f4xx_hal_gpio.o
LOAD ./Drivers/STM32F4xx_HAL_Driver/Src/stm32f4xx_hal_i2c.o
LOAD ./Drivers/STM32F4xx_HAL_Driver/Src/stm32f4xx_hal_i2c_ex.o
LOAD ./Drivers/STM32F4xx_HAL_Driver/Src/stm32f4xx_hal_ltdc.o
LOAD ./Drivers/STM32F4xx_HAL_Driver/Src/stm32f4xx_hal_ltdc_ex.o
LOAD ./Drivers/STM32F4xx_HAL_Driver/Src/stm32f4xx_hal_pwr.o
LOAD ./Drivers/STM32F4xx_HAL_Driver/Src/stm32f4xx_hal_pwr_ex.o
LOAD ./Drivers/STM32F4xx_HAL_Driver/Src/stm32f4xx_hal_rcc.o
LOAD ./Drivers/STM32F4xx_HAL_Driver/Src/stm32f4xx_hal_rcc_ex.o
LOAD ./Drivers/STM32F4xx_HAL_Driver/Src/stm32f4xx_hal_rng.o
LOAD ./Drivers/STM32F4xx_HAL_Driver/Src/stm32f4xx_hal_spi.o
LOAD ./Drivers/STM32F4xx_HAL_Driver/Src/stm32f4xx_hal_tim.o
LOAD ./Drivers/STM32F4xx_HAL_Driver/Src/stm32f4xx_hal_tim_ex.o
START GROUP
LOAD C:/Program Files/CIDEfor2370/STM32CubeIDE/plugins/com.st.stm32cube.ide.mcu.externaltools.gnu-tools-for-stm32.12.3.rel1.win32_1.0.200.202406191623/tools/bin/../lib/gcc/arm-none-eabi/12.3.1/../../../../arm-none-eabi/lib/thumb/v7e-m+fp/hard\libc_nano.a
LOAD C:/Program Files/CIDEfor2370/STM32CubeIDE/plugins/com.st.stm32cube.ide.mcu.externaltools.gnu-tools-for-stm32.12.3.rel1.win32_1.0.200.202406191623/tools/bin/../lib/gcc/arm-none-eabi/12.3.1/../../../../arm-none-eabi/lib/thumb/v7e-m+fp/hard\libm.a
END GROUP
START GROUP
LOAD C:/Program Files/CIDEfor2370/STM32CubeIDE/plugins/com.st.stm32cube.ide.mcu.externaltools.gnu-tools-for-stm32.12.3.rel1.win32_1.0.200.202406191623/tools/bin/../lib/gcc/arm-none-eabi/12.3.1/thumb/v7e-m+fp/hard\libgcc.a
LOAD C:/Program Files/CIDEfor2370/STM32CubeIDE/plugins/com.st.stm32cube.ide.mcu.externaltools.gnu-tools-for-stm32.12.3.rel1.win32_1.0.200.202406191623/tools/bin/../lib/gcc/arm-none-eabi/12.3.1/../../../../arm-none-eabi/lib/thumb/v7e-m+fp/hard\libc_nano.a
END GROUP
START GROUP
LOAD C:/Program Files/CIDEfor2370/STM32CubeIDE/plugins/com.st.stm32cube.ide.mcu.externaltools.gnu-tools-for-stm32.12.3.rel1.win32_1.0.200.202406191623/tools/bin/../lib/gcc/arm-none-eabi/12.3.1/thumb/v7e-m+fp/hard\libgcc.a
LOAD C:/Program Files/CIDEfor2370/STM32CubeIDE/plugins/com.st.stm32cube.ide.mcu.externaltools.gnu-tools-for-stm32.12.3.rel1.win32_1.0.200.202406191623/tools/bin/../lib/gcc/arm-none-eabi/12.3.1/../../../../arm-none-eabi/lib/thumb/v7e-m+fp/hard\libc_nano.a
LOAD C:/Program Files/CIDEfor2370/STM32CubeIDE/plugins/com.st.stm32cube.ide.mcu.externaltools.gnu-tools-for-stm32.12.3.rel1.win32_1.0.200.202406191623/tools/bin/../lib/gcc/arm-none-eabi/12.3.1/../../../../arm-none-eabi/lib/thumb/v7e-m+fp/hard\libnosys.a
END GROUP
START GROUP
LOAD C:/Program Files/CIDEfor2370/STM32CubeIDE/plugins/com.st.stm32cube.ide.mcu.externaltools.gnu-tools-for-stm32.12.3.rel1.win32_1.0.200.202406191623/tools/bin/../lib/gcc/arm-none-eabi/12.3.1/thumb/v7e-m+fp/hard\libgcc.a
LOAD C:/Program Files/CIDEfor2370/STM32CubeIDE/plugins/com.st.stm32cube.ide.mcu.externaltools.gnu-tools-for-stm32.12.3.rel1.win32_1.0.200.202406191623/tools/bin/../lib/gcc/arm-none-eabi/12.3.1/../../../../arm-none-eabi/lib/thumb/v7e-m+fp/hard\libc_nano.a
LOAD C:/Program Files/CIDEfor2370/STM32CubeIDE/plugins/com.st.stm32cube.ide.mcu.externaltools.gnu-tools-for-stm32.12.3.rel1.win32_1.0.200.202406191623/tools/bin/../lib/gcc/arm-none-eabi/12.3.1/../../../../arm-none-eabi/lib/thumb/v7e-m+fp/hard\libnosys.a
END GROUP
LOAD C:/Program Files/CIDEfor2370/STM32CubeIDE/plugins/com.st.stm32cube.ide.mcu.externaltools.gnu-tools-for-stm32.12.3.rel1.win32_1.0.200.202406191623/tools/bin/../lib/gcc/arm-none-eabi/12.3.1/thumb/v7e-m+fp/hard/crtend.o
LOAD C:/Program Files/CIDEfor2370/STM32CubeIDE/plugins/com.st.stm32cube.ide.mcu.externaltools.gnu-tools-for-stm32.12.3.rel1.win32_1.0.200.202406191623/tools/bin/../lib/gcc/arm-none-eabi/12.3.1/thumb/v7e-m+fp/hard/crtn.o
                0x20030000                        _estack = (ORIGIN (RAM) + LENGTH (RAM))
                0x00000200                        _Min_Heap_Size = 0x200
                0x00000400                        _Min_Stack_Size = 0x400

.isr_vector     0x08000000      0x1ac
                0x08000000                        . = ALIGN (0x4)
 *(.isr_vector)
 .isr_vector    0x08000000      0x1ac ./Core/Startup/startup_stm32f429zitx.o
                0x08000000                g_pfnVectors
                0x080001ac                        . = ALIGN (0x4)

.text           0x080001ac     0x8698
                0x080001ac                        . = ALIGN (0x4)
 *(.text)
 .text          0x080001ac       0x40 C:/Program Files/CIDEfor2370/STM32CubeIDE/plugins/com.st.stm32cube.ide.mcu.externaltools.gnu-tools-for-stm32.12.3.rel1.win32_1.0.200.202406191623/tools/bin/../lib/gcc/arm-none-eabi/12.3.1/thumb/v7e-m+fp/hard/crtbegin.o
 .text          0x080001ec       0x30 C:/Program Files/CIDEfor2370/STM32CubeIDE/plugins/com.st.stm32cube.ide.mcu.externaltools.gnu-tools-for-stm32.12.3.rel1.win32_1.0.200.202406191623/tools/bin/../lib/gcc/arm-none-eabi/12.3.1/thumb/v7e-m+fp/hard\libgcc.a(_aeabi_uldivmod.o)
                0x080001ec                __aeabi_uldivmod
 .text          0x0800021c      0x2bc C:/Program Files/CIDEfor2370/STM32CubeIDE/plugins/com.st.stm32cube.ide.mcu.externaltools.gnu-tools-for-stm32.12.3.rel1.win32_1.0.200.202406191623/tools/bin/../lib/gcc/arm-none-eabi/12.3.1/thumb/v7e-m+fp/hard\libgcc.a(_udivmoddi4.o)
                0x0800021c                __udivmoddi4
 .text          0x080004d8        0x4 C:/Program Files/CIDEfor2370/STM32CubeIDE/plugins/com.st.stm32cube.ide.mcu.externaltools.gnu-tools-for-stm32.12.3.rel1.win32_1.0.200.202406191623/tools/bin/../lib/gcc/arm-none-eabi/12.3.1/thumb/v7e-m+fp/hard\libgcc.a(_dvmd_tls.o)
                0x080004d8                __aeabi_idiv0
                0x080004d8                __aeabi_ldiv0
 *(.text*)
 .text.__NVIC_EnableIRQ
                0x080004dc       0x3c ./Core/Src/ApplicationCode.o
 .text.__NVIC_DisableIRQ
                0x08000518       0x48 ./Core/Src/ApplicationCode.o
 .text.ApplicationInit
                0x08000560       0x44 ./Core/Src/ApplicationCode.o
                0x08000560                ApplicationInit
 .text.startTimers
                0x080005a4       0x14 ./Core/Src/ApplicationCode.o
                0x080005a4                startTimers
 .text.stopTimers
                0x080005b8       0x20 ./Core/Src/ApplicationCode.o
                0x080005b8                stopTimers
 .text.Display_Play_Screen
                0x080005d8       0x10 ./Core/Src/ApplicationCode.o
                0x080005d8                Display_Play_Screen
 .text.Display_Game_Bckrnd
                0x080005e8        0xc ./Core/Src/ApplicationCode.o
                0x080005e8                Display_Game_Bckrnd
 .text.Display_Game_Time
                0x080005f4       0x80 ./Core/Src/ApplicationCode.o
                0x080005f4                Display_Game_Time
 .text.Clear_Game_Time
                0x08000674        0xc ./Core/Src/ApplicationCode.o
                0x08000674                Clear_Game_Time
 .text.Check_Play_Pressed
                0x08000680       0x20 ./Core/Src/ApplicationCode.o
                0x08000680                Check_Play_Pressed
 .text.Clear_LCD_Screen
                0x080006a0       0x10 ./Core/Src/ApplicationCode.o
                0x080006a0                Clear_LCD_Screen
 .text.Display_Current_Square
                0x080006b0       0x32 ./Core/Src/ApplicationCode.o
                0x080006b0                Display_Current_Square
 .text.Display_Current_GameState
                0x080006e2       0xaa ./Core/Src/ApplicationCode.o
                0x080006e2                Display_Current_GameState
 .text.Erase_Current_Square
                0x0800078c       0x30 ./Core/Src/ApplicationCode.o
                0x0800078c                Erase_Current_Square
 .text.Pull_Touch_Input
                0x080007bc       0x78 ./Core/Src/ApplicationCode.o
                0x080007bc                Pull_Touch_Input
 .text.Check_Alive
                0x08000834        0xe ./Core/Src/ApplicationCode.o
                0x08000834                Check_Alive
 .text.New_Game
                0x08000842       0x12 ./Core/Src/ApplicationCode.o
                0x08000842                New_Game
 .text.End_Game
                0x08000854       0x44 ./Core/Src/ApplicationCode.o
                0x08000854                End_Game
 .text.EXTI0_IRQHandler
                0x08000898       0x42 ./Core/Src/ApplicationCode.o
                0x08000898                EXTI0_IRQHandler
 *fill*         0x080008da        0x2 
 .text.TIM2_IRQHandler
                0x080008dc       0x2c ./Core/Src/ApplicationCode.o
                0x080008dc                TIM2_IRQHandler
 .text.TIM3_IRQHandler
                0x08000908       0x44 ./Core/Src/ApplicationCode.o
                0x08000908                TIM3_IRQHandler
 .text.__NVIC_DisableIRQ
                0x0800094c       0x48 ./Core/Src/Button_Driver.o
 .text.Clock_Init
                0x08000994       0x34 ./Core/Src/Button_Driver.o
                0x08000994                Clock_Init
 .text.Button_Init_InterruptMode
                0x080009c8       0x44 ./Core/Src/Button_Driver.o
                0x080009c8                Button_Init_InterruptMode
 .text.IRQ_Enable
                0x08000a0c       0x4e ./Core/Src/InterruptControl.o
                0x08000a0c                IRQ_Enable
 *fill*         0x08000a5a        0x2 
 .text.IRQ_Disable
                0x08000a5c       0x4c ./Core/Src/InterruptControl.o
                0x08000a5c                IRQ_Disable
 .text.EXTI_Clear_Pending
                0x08000aa8       0x30 ./Core/Src/InterruptControl.o
                0x08000aa8                EXTI_Clear_Pending
 .text.TIMR_Clear_Pending
                0x08000ad8       0x20 ./Core/Src/InterruptControl.o
                0x08000ad8                TIMR_Clear_Pending
 .text.TIMR_Mask_IRQ
                0x08000af8       0x20 ./Core/Src/InterruptControl.o
                0x08000af8                TIMR_Mask_IRQ
 .text.TIMR_Unmask_IRQ
                0x08000b18       0x20 ./Core/Src/InterruptControl.o
                0x08000b18                TIMR_Unmask_IRQ
 .text.LCD_GPIO_Init
                0x08000b38      0x190 ./Core/Src/LCD_Driver.o
                0x08000b38                LCD_GPIO_Init
 .text.LTCD_Layer_Init
                0x08000cc8       0x80 ./Core/Src/LCD_Driver.o
                0x08000cc8                LTCD_Layer_Init
 .text.LTCD__Init
                0x08000d48       0xbc ./Core/Src/LCD_Driver.o
                0x08000d48                LTCD__Init
 .text.LCD_Draw_Pixel
                0x08000e04       0x3c ./Core/Src/LCD_Driver.o
                0x08000e04                LCD_Draw_Pixel
 .text.LCD_Draw_Vertical_Line
                0x08000e40       0x4e ./Core/Src/LCD_Driver.o
                0x08000e40                LCD_Draw_Vertical_Line
 .text.LCD_Draw_Horizontal_Line
                0x08000e8e       0x4e ./Core/Src/LCD_Driver.o
                0x08000e8e                LCD_Draw_Horizontal_Line
 .text.LCD_Draw_Square
                0x08000edc       0x7a ./Core/Src/LCD_Driver.o
                0x08000edc                LCD_Draw_Square
 *fill*         0x08000f56        0x2 
 .text.LCD_Clear
                0x08000f58       0x44 ./Core/Src/LCD_Driver.o
                0x08000f58                LCD_Clear
 .text.LCD_SetTextColor
                0x08000f9c       0x20 ./Core/Src/LCD_Driver.o
                0x08000f9c                LCD_SetTextColor
 .text.LCD_SetFont
                0x08000fbc       0x20 ./Core/Src/LCD_Driver.o
                0x08000fbc                LCD_SetFont
 .text.LCD_Draw_Char
                0x08000fdc       0xdc ./Core/Src/LCD_Driver.o
                0x08000fdc                LCD_Draw_Char
 .text.LCD_DisplayChar
                0x080010b8       0x44 ./Core/Src/LCD_Driver.o
                0x080010b8                LCD_DisplayChar
 .text.LCD_Error_Handler
                0x080010fc        0xc ./Core/Src/LCD_Driver.o
                0x080010fc                LCD_Error_Handler
 .text.LCD_Draw_Game_Over
                0x08001108       0x6c ./Core/Src/LCD_Driver.o
                0x08001108                LCD_Draw_Game_Over
 .text.LCD_Draw_Game_Time
                0x08001174      0x130 ./Core/Src/LCD_Driver.o
                0x08001174                LCD_Draw_Game_Time
 .text.LCD_Clear_Game_Time
                0x080012a4       0x36 ./Core/Src/LCD_Driver.o
                0x080012a4                LCD_Clear_Game_Time
 *fill*         0x080012da        0x2 
 .text.LCD_Draw_Lines_Cleared
                0x080012dc      0x2cc ./Core/Src/LCD_Driver.o
                0x080012dc                LCD_Draw_Lines_Cleared
 .text.LCD_Draw_Play_Icon
                0x080015a8       0xb8 ./Core/Src/LCD_Driver.o
                0x080015a8                LCD_Draw_Play_Icon
 .text.LCD_Draw_Homescreen_Blocks
                0x08001660      0x174 ./Core/Src/LCD_Driver.o
                0x08001660                LCD_Draw_Homescreen_Blocks
 .text.LCD_Draw_Board_Background
                0x080017d4       0x4a ./Core/Src/LCD_Driver.o
                0x080017d4                LCD_Draw_Board_Background
 .text.LCD_Update_Block_Location
                0x0800181e       0xba ./Core/Src/LCD_Driver.o
                0x0800181e                LCD_Update_Block_Location
 .text.InitializeLCDTouch
                0x080018d8       0x16 ./Core/Src/LCD_Driver.o
                0x080018d8                InitializeLCDTouch
 .text.returnTouchStateAndLocation
                0x080018ee       0x18 ./Core/Src/LCD_Driver.o
                0x080018ee                returnTouchStateAndLocation
 *fill*         0x08001906        0x2 
 .text.RNG_init
                0x08001908       0x3c ./Core/Src/RNG.o
                0x08001908                RNG_init
 .text.RNG_Error_Handler
                0x08001944        0x8 ./Core/Src/RNG.o
                0x08001944                RNG_Error_Handler
 .text.RNG_Check_Hal_Status
                0x0800194c       0x18 ./Core/Src/RNG.o
                0x0800194c                RNG_Check_Hal_Status
 .text.RNG_getRandom
                0x08001964       0x38 ./Core/Src/RNG.o
                0x08001964                RNG_getRandom
 .text.Timer_Config
                0x0800199c       0xb4 ./Core/Src/Timer_Driver.o
                0x0800199c                Timer_Config
 .text.Timer_Pause
                0x08001a50       0x94 ./Core/Src/Timer_Driver.o
                0x08001a50                Timer_Pause
 .text.Timer_Start
                0x08001ae4       0x4c ./Core/Src/Timer_Driver.o
                0x08001ae4                Timer_Start
 .text.Timer_Reset
                0x08001b30       0x3c ./Core/Src/Timer_Driver.o
                0x08001b30                Timer_Reset
 .text.Timer_Get_Value
                0x08001b6c       0x3c ./Core/Src/Timer_Driver.o
                0x08001b6c                Timer_Get_Value
 .text.Timer_Change_IT
                0x08001ba8       0x4e ./Core/Src/Timer_Driver.o
                0x08001ba8                Timer_Change_IT
 *fill*         0x08001bf6        0x2 
 .text.Timer_Added2RemoveSRcuzItStartsOnHere
                0x08001bf8       0x18 ./Core/Src/Timer_Driver.o
                0x08001bf8                Timer_Added2RemoveSRcuzItStartsOnHere
 .text.Game_init
                0x08001c10     0x13f4 ./Core/Src/gameLogic.o
                0x08001c10                Game_init
 .text.Game_Start
                0x08003004       0x68 ./Core/Src/gameLogic.o
                0x08003004                Game_Start
 .text.Game_Set_Block
                0x0800306c       0x6c ./Core/Src/gameLogic.o
                0x0800306c                Game_Set_Block
 .text.Game_Move_Left
                0x080030d8       0x38 ./Core/Src/gameLogic.o
                0x080030d8                Game_Move_Left
 .text.Game_Move_Right
                0x08003110       0x38 ./Core/Src/gameLogic.o
                0x08003110                Game_Move_Right
 .text.Game_Rotate_Clock
                0x08003148       0x3c ./Core/Src/gameLogic.o
                0x08003148                Game_Rotate_Clock
 .text.Game_Rotate_Counter_Clock
                0x08003184       0x3c ./Core/Src/gameLogic.o
                0x08003184                Game_Rotate_Counter_Clock
 .text.Game_Drop_Block
                0x080031c0       0x44 ./Core/Src/gameLogic.o
                0x080031c0                Game_Drop_Block
 .text.Game_Lock_Block
                0x08003204       0x90 ./Core/Src/gameLogic.o
                0x08003204                Game_Lock_Block
 .text.Game_Spawn_Block
                0x08003294       0xa0 ./Core/Src/gameLogic.o
                0x08003294                Game_Spawn_Block
 .text.Game_Find_Clear_Lines
                0x08003334       0xf0 ./Core/Src/gameLogic.o
                0x08003334                Game_Find_Clear_Lines
 .text.Game_Clear_Line
                0x08003424       0x90 ./Core/Src/gameLogic.o
                0x08003424                Game_Clear_Line
 .text.Game_Check_Collision
                0x080034b4       0xb0 ./Core/Src/gameLogic.o
                0x080034b4                Game_Check_Collision
 .text.Game_Check_Alive
                0x08003564       0x18 ./Core/Src/gameLogic.o
                0x08003564                Game_Check_Alive
 .text.Game_get_Xcord
                0x0800357c       0x18 ./Core/Src/gameLogic.o
                0x0800357c                Game_get_Xcord
 .text.Game_get_Ycord
                0x08003594       0x18 ./Core/Src/gameLogic.o
                0x08003594                Game_get_Ycord
 .text.Game_get_Current_Block
                0x080035ac       0x18 ./Core/Src/gameLogic.o
                0x080035ac                Game_get_Current_Block
 .text.Game_get_State_At
                0x080035c4       0x34 ./Core/Src/gameLogic.o
                0x080035c4                Game_get_State_At
 .text.Game_get_Single_Clears
                0x080035f8       0x18 ./Core/Src/gameLogic.o
                0x080035f8                Game_get_Single_Clears
 .text.Game_get_Double_Clears
                0x08003610       0x18 ./Core/Src/gameLogic.o
                0x08003610                Game_get_Double_Clears
 .text.Game_get_Tripple_Clears
                0x08003628       0x18 ./Core/Src/gameLogic.o
                0x08003628                Game_get_Tripple_Clears
 .text.Game_get_Tetris_Clears
                0x08003640       0x18 ./Core/Src/gameLogic.o
                0x08003640                Game_get_Tetris_Clears
 .text.Game_Reset_Clears
                0x08003658       0x38 ./Core/Src/gameLogic.o
                0x08003658                Game_Reset_Clears
 .text.ili9341_Init
                0x08003690      0x294 ./Core/Src/ili9341.o
                0x08003690                ili9341_Init
 .text.ili9341_Write_Reg
                0x08003924       0x1a ./Core/Src/ili9341.o
                0x08003924                ili9341_Write_Reg
 .text.ili9341_Send_Data
                0x0800393e       0x1a ./Core/Src/ili9341.o
                0x0800393e                ili9341_Send_Data
 .text.SPI_Init
                0x08003958       0x74 ./Core/Src/ili9341.o
 .text.SPI_Write
                0x080039cc       0x3c ./Core/Src/ili9341.o
 .text.SPI_Error
                0x08003a08       0x18 ./Core/Src/ili9341.o
 .text.SPI_MspInit
                0x08003a20       0x74 ./Core/Src/ili9341.o
 .text.LCD_IO_Init
                0x08003a94       0xf0 ./Core/Src/ili9341.o
                0x08003a94                LCD_IO_Init
 .text.LCD_IO_WriteData
                0x08003b84       0x44 ./Core/Src/ili9341.o
                0x08003b84                LCD_IO_WriteData
 .text.LCD_IO_WriteReg
                0x08003bc8       0x44 ./Core/Src/ili9341.o
                0x08003bc8                LCD_IO_WriteReg
 .text.LCD_Delay
                0x08003c0c       0x16 ./Core/Src/ili9341.o
                0x08003c0c                LCD_Delay
 .text.main     0x08003c22       0x4e ./Core/Src/main.o
                0x08003c22                main
 .text.MX_I2C3_Init
                0x08003c70       0x80 ./Core/Src/main.o
 .text.MX_LTDC_Init
                0x08003cf0      0x164 ./Core/Src/main.o
 .text.MX_RNG_Init
                0x08003e54       0x28 ./Core/Src/main.o
 .text.MX_SPI5_Init
                0x08003e7c       0x6c ./Core/Src/main.o
 .text.MX_TIM2_Init
                0x08003ee8       0x9c ./Core/Src/main.o
 .text.MX_TIM3_Init
                0x08003f84       0xa0 ./Core/Src/main.o
 .text.MX_GPIO_Init
                0x08004024       0xc0 ./Core/Src/main.o
 .text.Error_Handler
                0x080040e4        0xc ./Core/Src/main.o
                0x080040e4                Error_Handler
 .text.SystemClockOverride
                0x080040f0       0x80 ./Core/Src/main.o
                0x080040f0                SystemClockOverride
 .text.PlayGame
                0x08004170       0x38 ./Core/Src/main.o
                0x08004170                PlayGame
 .text.EndGame  0x080041a8       0x40 ./Core/Src/main.o
                0x080041a8                EndGame
 .text.HAL_MspInit
                0x080041e8       0x50 ./Core/Src/stm32f4xx_hal_msp.o
                0x080041e8                HAL_MspInit
 .text.HAL_I2C_MspInit
                0x08004238       0xd4 ./Core/Src/stm32f4xx_hal_msp.o
                0x08004238                HAL_I2C_MspInit
 .text.HAL_LTDC_MspInit
                0x0800430c      0x22c ./Core/Src/stm32f4xx_hal_msp.o
                0x0800430c                HAL_LTDC_MspInit
 .text.HAL_RNG_MspInit
                0x08004538       0x44 ./Core/Src/stm32f4xx_hal_msp.o
                0x08004538                HAL_RNG_MspInit
 .text.HAL_SPI_MspInit
                0x0800457c       0x90 ./Core/Src/stm32f4xx_hal_msp.o
                0x0800457c                HAL_SPI_MspInit
 .text.HAL_SPI_MspDeInit
                0x0800460c       0x3c ./Core/Src/stm32f4xx_hal_msp.o
                0x0800460c                HAL_SPI_MspDeInit
 .text.HAL_TIM_Base_MspInit
                0x08004648       0x6c ./Core/Src/stm32f4xx_hal_msp.o
                0x08004648                HAL_TIM_Base_MspInit
 .text.NMI_Handler
                0x080046b4        0x8 ./Core/Src/stm32f4xx_it.o
                0x080046b4                NMI_Handler
 .text.HardFault_Handler
                0x080046bc        0x8 ./Core/Src/stm32f4xx_it.o
                0x080046bc                HardFault_Handler
 .text.MemManage_Handler
                0x080046c4        0x8 ./Core/Src/stm32f4xx_it.o
                0x080046c4                MemManage_Handler
 .text.BusFault_Handler
                0x080046cc        0x8 ./Core/Src/stm32f4xx_it.o
                0x080046cc                BusFault_Handler
 .text.UsageFault_Handler
                0x080046d4        0x8 ./Core/Src/stm32f4xx_it.o
                0x080046d4                UsageFault_Handler
 .text.SVC_Handler
                0x080046dc        0xe ./Core/Src/stm32f4xx_it.o
                0x080046dc                SVC_Handler
 .text.DebugMon_Handler
                0x080046ea        0xe ./Core/Src/stm32f4xx_it.o
                0x080046ea                DebugMon_Handler
 .text.PendSV_Handler
                0x080046f8        0xe ./Core/Src/stm32f4xx_it.o
                0x080046f8                PendSV_Handler
 .text.SysTick_Handler
                0x08004706        0xc ./Core/Src/stm32f4xx_it.o
                0x08004706                SysTick_Handler
 .text.STMPE811_Init
                0x08004712      0x14e ./Core/Src/stmpe811.o
                0x08004712                STMPE811_Init
 .text.STMPE811_Read
                0x08004860       0x22 ./Core/Src/stmpe811.o
                0x08004860                STMPE811_Read
 .text.STMPE811_ReadTouch
                0x08004882      0x198 ./Core/Src/stmpe811.o
                0x08004882                STMPE811_ReadTouch
 *fill*         0x08004a1a        0x2 
 .text.verifyHAL_I2C_IS_OKAY
                0x08004a1c       0x20 ./Core/Src/stmpe811.o
                0x08004a1c                verifyHAL_I2C_IS_OKAY
 .text.I2C3_Init
                0x08004a3c       0x7c ./Core/Src/stmpe811.o
 .text.I2C3_MspInit
                0x08004ab8       0xa8 ./Core/Src/stmpe811.o
 .text.I2C3_Write
                0x08004b60       0x54 ./Core/Src/stmpe811.o
                0x08004b60                I2C3_Write
 .text.I2C3_Read
                0x08004bb4       0x4c ./Core/Src/stmpe811.o
                0x08004bb4                I2C3_Read
 .text.I2C3_MulitByteRead
                0x08004c00       0x44 ./Core/Src/stmpe811.o
                0x08004c00                I2C3_MulitByteRead
 .text.TM_STMPE811_ReadX
                0x08004c44       0xbc ./Core/Src/stmpe811.o
                0x08004c44                TM_STMPE811_ReadX
 .text.TM_STMPE811_ReadY
                0x08004d00       0xa4 ./Core/Src/stmpe811.o
                0x08004d00                TM_STMPE811_ReadY
 .text.initialise_monitor_handles
                0x08004da4        0xe ./Core/Src/syscalls.o
                0x08004da4                initialise_monitor_handles
 *fill*         0x08004db2        0x2 
 .text._sbrk    0x08004db4       0x6c ./Core/Src/sysmem.o
                0x08004db4                _sbrk
 .text.SystemInit
                0x08004e20       0x24 ./Core/Src/system_stm32f4xx.o
                0x08004e20                SystemInit
 .text.Reset_Handler
                0x08004e44       0x50 ./Core/Startup/startup_stm32f429zitx.o
                0x08004e44                Reset_Handler
 .text.Default_Handler
                0x08004e94        0x2 ./Core/Startup/startup_stm32f429zitx.o
                0x08004e94                RTC_Alarm_IRQHandler
                0x08004e94                HASH_RNG_IRQHandler
                0x08004e94                EXTI2_IRQHandler
                0x08004e94                TIM8_CC_IRQHandler
                0x08004e94                UART8_IRQHandler
                0x08004e94                SPI4_IRQHandler
                0x08004e94                TIM1_CC_IRQHandler
                0x08004e94                DMA2_Stream5_IRQHandler
                0x08004e94                DMA1_Stream5_IRQHandler
                0x08004e94                PVD_IRQHandler
                0x08004e94                SDIO_IRQHandler
                0x08004e94                TAMP_STAMP_IRQHandler
                0x08004e94                CAN2_RX1_IRQHandler
                0x08004e94                EXTI3_IRQHandler
                0x08004e94                TIM8_TRG_COM_TIM14_IRQHandler
                0x08004e94                TIM1_UP_TIM10_IRQHandler
                0x08004e94                TIM8_UP_TIM13_IRQHandler
                0x08004e94                I2C3_ER_IRQHandler
                0x08004e94                I2C2_EV_IRQHandler
                0x08004e94                DMA1_Stream2_IRQHandler
                0x08004e94                CAN1_RX0_IRQHandler
                0x08004e94                FPU_IRQHandler
                0x08004e94                OTG_HS_WKUP_IRQHandler
                0x08004e94                LTDC_ER_IRQHandler
                0x08004e94                CAN2_SCE_IRQHandler
                0x08004e94                DMA2_Stream2_IRQHandler
                0x08004e94                SPI1_IRQHandler
                0x08004e94                TIM6_DAC_IRQHandler
                0x08004e94                TIM1_BRK_TIM9_IRQHandler
                0x08004e94                DCMI_IRQHandler
                0x08004e94                CAN2_RX0_IRQHandler
                0x08004e94                DMA2_Stream3_IRQHandler
                0x08004e94                USART6_IRQHandler
                0x08004e94                USART3_IRQHandler
                0x08004e94                CAN1_RX1_IRQHandler
                0x08004e94                UART5_IRQHandler
                0x08004e94                DMA2_Stream0_IRQHandler
                0x08004e94                TIM4_IRQHandler
                0x08004e94                I2C1_EV_IRQHandler
                0x08004e94                DMA1_Stream6_IRQHandler
                0x08004e94                DMA1_Stream1_IRQHandler
                0x08004e94                UART4_IRQHandler
                0x08004e94                RCC_IRQHandler
                0x08004e94                TIM8_BRK_TIM12_IRQHandler
                0x08004e94                Default_Handler
                0x08004e94                EXTI15_10_IRQHandler
                0x08004e94                ADC_IRQHandler
                0x08004e94                DMA1_Stream7_IRQHandler
                0x08004e94                SPI5_IRQHandler
                0x08004e94                TIM7_IRQHandler
                0x08004e94                CAN2_TX_IRQHandler
                0x08004e94                TIM5_IRQHandler
                0x08004e94                DMA2_Stream7_IRQHandler
                0x08004e94                I2C3_EV_IRQHandler
                0x08004e94                EXTI9_5_IRQHandler
                0x08004e94                RTC_WKUP_IRQHandler
                0x08004e94                LTDC_IRQHandler
                0x08004e94                ETH_WKUP_IRQHandler
                0x08004e94                SPI2_IRQHandler
                0x08004e94                OTG_HS_EP1_IN_IRQHandler
                0x08004e94                DMA1_Stream0_IRQHandler
                0x08004e94                CAN1_TX_IRQHandler
                0x08004e94                EXTI4_IRQHandler
                0x08004e94                ETH_IRQHandler
                0x08004e94                OTG_HS_EP1_OUT_IRQHandler
                0x08004e94                WWDG_IRQHandler
                0x08004e94                SPI6_IRQHandler
                0x08004e94                OTG_FS_WKUP_IRQHandler
                0x08004e94                TIM1_TRG_COM_TIM11_IRQHandler
                0x08004e94                OTG_HS_IRQHandler
                0x08004e94                DMA2D_IRQHandler
                0x08004e94                EXTI1_IRQHandler
                0x08004e94                UART7_IRQHandler
                0x08004e94                USART2_IRQHandler
                0x08004e94                I2C2_ER_IRQHandler
                0x08004e94                DMA2_Stream1_IRQHandler
                0x08004e94                CAN1_SCE_IRQHandler
                0x08004e94                FLASH_IRQHandler
                0x08004e94                DMA2_Stream4_IRQHandler
                0x08004e94                USART1_IRQHandler
                0x08004e94                OTG_FS_IRQHandler
                0x08004e94                SPI3_IRQHandler
                0x08004e94                DMA1_Stream4_IRQHandler
                0x08004e94                I2C1_ER_IRQHandler
                0x08004e94                FMC_IRQHandler
                0x08004e94                DMA2_Stream6_IRQHandler
                0x08004e94                SAI1_IRQHandler
                0x08004e94                DMA1_Stream3_IRQHandler
 *fill*         0x08004e96        0x2 
 .text.HAL_Init
                0x08004e98       0x44 ./Drivers/STM32F4xx_HAL_Driver/Src/stm32f4xx_hal.o
                0x08004e98                HAL_Init
 .text.HAL_InitTick
                0x08004edc       0x60 ./Drivers/STM32F4xx_HAL_Driver/Src/stm32f4xx_hal.o
                0x08004edc                HAL_InitTick
 .text.HAL_IncTick
                0x08004f3c       0x28 ./Drivers/STM32F4xx_HAL_Driver/Src/stm32f4xx_hal.o
                0x08004f3c                HAL_IncTick
 .text.HAL_GetTick
                0x08004f64       0x18 ./Drivers/STM32F4xx_HAL_Driver/Src/stm32f4xx_hal.o
                0x08004f64                HAL_GetTick
 .text.HAL_Delay
                0x08004f7c       0x48 ./Drivers/STM32F4xx_HAL_Driver/Src/stm32f4xx_hal.o
                0x08004f7c                HAL_Delay
 .text.__NVIC_SetPriorityGrouping
                0x08004fc4       0x48 ./Drivers/STM32F4xx_HAL_Driver/Src/stm32f4xx_hal_cortex.o
 .text.__NVIC_GetPriorityGrouping
                0x0800500c       0x1c ./Drivers/STM32F4xx_HAL_Driver/Src/stm32f4xx_hal_cortex.o
 .text.__NVIC_SetPriority
                0x08005028       0x54 ./Drivers/STM32F4xx_HAL_Driver/Src/stm32f4xx_hal_cortex.o
 .text.NVIC_EncodePriority
                0x0800507c       0x66 ./Drivers/STM32F4xx_HAL_Driver/Src/stm32f4xx_hal_cortex.o
 *fill*         0x080050e2        0x2 
 .text.SysTick_Config
                0x080050e4       0x44 ./Drivers/STM32F4xx_HAL_Driver/Src/stm32f4xx_hal_cortex.o
 .text.HAL_NVIC_SetPriorityGrouping
                0x08005128       0x16 ./Drivers/STM32F4xx_HAL_Driver/Src/stm32f4xx_hal_cortex.o
                0x08005128                HAL_NVIC_SetPriorityGrouping
 .text.HAL_NVIC_SetPriority
                0x0800513e       0x38 ./Drivers/STM32F4xx_HAL_Driver/Src/stm32f4xx_hal_cortex.o
                0x0800513e                HAL_NVIC_SetPriority
 .text.HAL_SYSTICK_Config
                0x08005176       0x18 ./Drivers/STM32F4xx_HAL_Driver/Src/stm32f4xx_hal_cortex.o
                0x08005176                HAL_SYSTICK_Config
 *fill*         0x0800518e        0x2 
 .text.HAL_GPIO_Init
                0x08005190      0x358 ./Drivers/STM32F4xx_HAL_Driver/Src/stm32f4xx_hal_gpio.o
                0x08005190                HAL_GPIO_Init
 .text.HAL_GPIO_DeInit
                0x080054e8      0x218 ./Drivers/STM32F4xx_HAL_Driver/Src/stm32f4xx_hal_gpio.o
                0x080054e8                HAL_GPIO_DeInit
 .text.HAL_GPIO_WritePin
                0x08005700       0x32 ./Drivers/STM32F4xx_HAL_Driver/Src/stm32f4xx_hal_gpio.o
                0x08005700                HAL_GPIO_WritePin
 *fill*         0x08005732        0x2 
 .text.HAL_I2C_Init
                0x08005734      0x288 ./Drivers/STM32F4xx_HAL_Driver/Src/stm32f4xx_hal_i2c.o
                0x08005734                HAL_I2C_Init
 .text.HAL_I2C_Mem_Write
                0x080059bc      0x1f4 ./Drivers/STM32F4xx_HAL_Driver/Src/stm32f4xx_hal_i2c.o
                0x080059bc                HAL_I2C_Mem_Write
 .text.HAL_I2C_Mem_Read
                0x08005bb0      0x464 ./Drivers/STM32F4xx_HAL_Driver/Src/stm32f4xx_hal_i2c.o
                0x08005bb0                HAL_I2C_Mem_Read
 .text.I2C_RequestMemoryWrite
                0x08006014      0x12c ./Drivers/STM32F4xx_HAL_Driver/Src/stm32f4xx_hal_i2c.o
 .text.I2C_RequestMemoryRead
                0x08006140      0x1d0 ./Drivers/STM32F4xx_HAL_Driver/Src/stm32f4xx_hal_i2c.o
 .text.I2C_WaitOnFlagUntilTimeout
                0x08006310       0xf4 ./Drivers/STM32F4xx_HAL_Driver/Src/stm32f4xx_hal_i2c.o
 .text.I2C_WaitOnMasterAddressFlagUntilTimeout
                0x08006404      0x140 ./Drivers/STM32F4xx_HAL_Driver/Src/stm32f4xx_hal_i2c.o
 .text.I2C_WaitOnTXEFlagUntilTimeout
                0x08006544       0x90 ./Drivers/STM32F4xx_HAL_Driver/Src/stm32f4xx_hal_i2c.o
 .text.I2C_WaitOnBTFFlagUntilTimeout
                0x080065d4       0x90 ./Drivers/STM32F4xx_HAL_Driver/Src/stm32f4xx_hal_i2c.o
 .text.I2C_WaitOnRXNEFlagUntilTimeout
                0x08006664       0xba ./Drivers/STM32F4xx_HAL_Driver/Src/stm32f4xx_hal_i2c.o
 .text.I2C_IsAcknowledgeFailed
                0x0800671e       0x5e ./Drivers/STM32F4xx_HAL_Driver/Src/stm32f4xx_hal_i2c.o
 .text.HAL_I2CEx_ConfigAnalogFilter
                0x0800677c       0x78 ./Drivers/STM32F4xx_HAL_Driver/Src/stm32f4xx_hal_i2c_ex.o
                0x0800677c                HAL_I2CEx_ConfigAnalogFilter
 .text.HAL_I2CEx_ConfigDigitalFilter
                0x080067f4       0x7e ./Drivers/STM32F4xx_HAL_Driver/Src/stm32f4xx_hal_i2c_ex.o
                0x080067f4                HAL_I2CEx_ConfigDigitalFilter
 *fill*         0x08006872        0x2 
 .text.HAL_LTDC_Init
                0x08006874      0x1a0 ./Drivers/STM32F4xx_HAL_Driver/Src/stm32f4xx_hal_ltdc.o
                0x08006874                HAL_LTDC_Init
 .text.HAL_LTDC_ConfigLayer
                0x08006a14       0x7c ./Drivers/STM32F4xx_HAL_Driver/Src/stm32f4xx_hal_ltdc.o
                0x08006a14                HAL_LTDC_ConfigLayer
 .text.LTDC_SetConfig
                0x08006a90      0x32e ./Drivers/STM32F4xx_HAL_Driver/Src/stm32f4xx_hal_ltdc.o
 *fill*         0x08006dbe        0x2 
 .text.HAL_RCC_OscConfig
                0x08006dc0      0x4f0 ./Drivers/STM32F4xx_HAL_Driver/Src/stm32f4xx_hal_rcc.o
                0x08006dc0                HAL_RCC_OscConfig
 .text.HAL_RCC_ClockConfig
                0x080072b0      0x1cc ./Drivers/STM32F4xx_HAL_Driver/Src/stm32f4xx_hal_rcc.o
                0x080072b0                HAL_RCC_ClockConfig
 .text.HAL_RCC_GetSysClockFreq
                0x0800747c      0x18c ./Drivers/STM32F4xx_HAL_Driver/Src/stm32f4xx_hal_rcc.o
                0x0800747c                HAL_RCC_GetSysClockFreq
 .text.HAL_RCC_GetHCLKFreq
                0x08007608       0x18 ./Drivers/STM32F4xx_HAL_Driver/Src/stm32f4xx_hal_rcc.o
                0x08007608                HAL_RCC_GetHCLKFreq
 .text.HAL_RCC_GetPCLK1Freq
                0x08007620       0x28 ./Drivers/STM32F4xx_HAL_Driver/Src/stm32f4xx_hal_rcc.o
                0x08007620                HAL_RCC_GetPCLK1Freq
 .text.HAL_RCCEx_PeriphCLKConfig
                0x08007648      0x380 ./Drivers/STM32F4xx_HAL_Driver/Src/stm32f4xx_hal_rcc_ex.o
                0x08007648                HAL_RCCEx_PeriphCLKConfig
 .text.HAL_RNG_Init
                0x080079c8       0x54 ./Drivers/STM32F4xx_HAL_Driver/Src/stm32f4xx_hal_rng.o
                0x080079c8                HAL_RNG_Init
 .text.HAL_RNG_GenerateRandomNumber
                0x08007a1c       0xac ./Drivers/STM32F4xx_HAL_Driver/Src/stm32f4xx_hal_rng.o
                0x08007a1c                HAL_RNG_GenerateRandomNumber
 .text.HAL_SPI_Init
                0x08007ac8      0x112 ./Drivers/STM32F4xx_HAL_Driver/Src/stm32f4xx_hal_spi.o
                0x08007ac8                HAL_SPI_Init
 .text.HAL_SPI_DeInit
                0x08007bda       0x50 ./Drivers/STM32F4xx_HAL_Driver/Src/stm32f4xx_hal_spi.o
                0x08007bda                HAL_SPI_DeInit
 .text.HAL_SPI_Transmit
                0x08007c2a      0x288 ./Drivers/STM32F4xx_HAL_Driver/Src/stm32f4xx_hal_spi.o
                0x08007c2a                HAL_SPI_Transmit
 .text.HAL_SPI_GetState
                0x08007eb2       0x1c ./Drivers/STM32F4xx_HAL_Driver/Src/stm32f4xx_hal_spi.o
                0x08007eb2                HAL_SPI_GetState
 *fill*         0x08007ece        0x2 
 .text.SPI_WaitFlagStateUntilTimeout
                0x08007ed0      0x110 ./Drivers/STM32F4xx_HAL_Driver/Src/stm32f4xx_hal_spi.o
 .text.SPI_EndRxTxTransaction
                0x08007fe0       0xa8 ./Drivers/STM32F4xx_HAL_Driver/Src/stm32f4xx_hal_spi.o
 .text.HAL_TIM_Base_Init
                0x08008088       0x9e ./Drivers/STM32F4xx_HAL_Driver/Src/stm32f4xx_hal_tim.o
                0x08008088                HAL_TIM_Base_Init
 .text.HAL_TIM_ConfigClockSource
                0x08008126      0x18e ./Drivers/STM32F4xx_HAL_Driver/Src/stm32f4xx_hal_tim.o
                0x08008126                HAL_TIM_ConfigClockSource
 .text.TIM_Base_SetConfig
                0x080082b4      0x158 ./Drivers/STM32F4xx_HAL_Driver/Src/stm32f4xx_hal_tim.o
                0x080082b4                TIM_Base_SetConfig
 .text.TIM_TI1_ConfigInputStage
                0x0800840c       0x5e ./Drivers/STM32F4xx_HAL_Driver/Src/stm32f4xx_hal_tim.o
 .text.TIM_TI2_ConfigInputStage
                0x0800846a       0x60 ./Drivers/STM32F4xx_HAL_Driver/Src/stm32f4xx_hal_tim.o
 .text.TIM_ITRx_SetConfig
                0x080084ca       0x36 ./Drivers/STM32F4xx_HAL_Driver/Src/stm32f4xx_hal_tim.o
 .text.TIM_ETR_SetConfig
                0x08008500       0x40 ./Drivers/STM32F4xx_HAL_Driver/Src/stm32f4xx_hal_tim.o
                0x08008500                TIM_ETR_SetConfig
 .text.HAL_TIMEx_MasterConfigSynchronization
                0x08008540       0xf8 ./Drivers/STM32F4xx_HAL_Driver/Src/stm32f4xx_hal_tim_ex.o
                0x08008540                HAL_TIMEx_MasterConfigSynchronization
 .text.malloc   0x08008638       0x10 C:/Program Files/CIDEfor2370/STM32CubeIDE/plugins/com.st.stm32cube.ide.mcu.externaltools.gnu-tools-for-stm32.12.3.rel1.win32_1.0.200.202406191623/tools/bin/../lib/gcc/arm-none-eabi/12.3.1/../../../../arm-none-eabi/lib/thumb/v7e-m+fp/hard\libc_nano.a(libc_a-malloc.o)
                0x08008638                malloc
 .text.sbrk_aligned
                0x08008648       0x44 C:/Program Files/CIDEfor2370/STM32CubeIDE/plugins/com.st.stm32cube.ide.mcu.externaltools.gnu-tools-for-stm32.12.3.rel1.win32_1.0.200.202406191623/tools/bin/../lib/gcc/arm-none-eabi/12.3.1/../../../../arm-none-eabi/lib/thumb/v7e-m+fp/hard\libc_nano.a(libc_a-mallocr.o)
 .text._malloc_r
                0x0800868c      0x100 C:/Program Files/CIDEfor2370/STM32CubeIDE/plugins/com.st.stm32cube.ide.mcu.externaltools.gnu-tools-for-stm32.12.3.rel1.win32_1.0.200.202406191623/tools/bin/../lib/gcc/arm-none-eabi/12.3.1/../../../../arm-none-eabi/lib/thumb/v7e-m+fp/hard\libc_nano.a(libc_a-mallocr.o)
                0x0800868c                _malloc_r
 .text.__malloc_lock
                0x0800878c        0xc C:/Program Files/CIDEfor2370/STM32CubeIDE/plugins/com.st.stm32cube.ide.mcu.externaltools.gnu-tools-for-stm32.12.3.rel1.win32_1.0.200.202406191623/tools/bin/../lib/gcc/arm-none-eabi/12.3.1/../../../../arm-none-eabi/lib/thumb/v7e-m+fp/hard\libc_nano.a(libc_a-mlock.o)
                0x0800878c                __malloc_lock
 .text.__malloc_unlock
                0x08008798        0xc C:/Program Files/CIDEfor2370/STM32CubeIDE/plugins/com.st.stm32cube.ide.mcu.externaltools.gnu-tools-for-stm32.12.3.rel1.win32_1.0.200.202406191623/tools/bin/../lib/gcc/arm-none-eabi/12.3.1/../../../../arm-none-eabi/lib/thumb/v7e-m+fp/hard\libc_nano.a(libc_a-mlock.o)
                0x08008798                __malloc_unlock
 .text.memset   0x080087a4       0x10 C:/Program Files/CIDEfor2370/STM32CubeIDE/plugins/com.st.stm32cube.ide.mcu.externaltools.gnu-tools-for-stm32.12.3.rel1.win32_1.0.200.202406191623/tools/bin/../lib/gcc/arm-none-eabi/12.3.1/../../../../arm-none-eabi/lib/thumb/v7e-m+fp/hard\libc_nano.a(libc_a-memset.o)
                0x080087a4                memset
 .text._sbrk_r  0x080087b4       0x20 C:/Program Files/CIDEfor2370/STM32CubeIDE/plugins/com.st.stm32cube.ide.mcu.externaltools.gnu-tools-for-stm32.12.3.rel1.win32_1.0.200.202406191623/tools/bin/../lib/gcc/arm-none-eabi/12.3.1/../../../../arm-none-eabi/lib/thumb/v7e-m+fp/hard\libc_nano.a(libc_a-sbrkr.o)
                0x080087b4                _sbrk_r
 .text.__errno  0x080087d4        0xc C:/Program Files/CIDEfor2370/STM32CubeIDE/plugins/com.st.stm32cube.ide.mcu.externaltools.gnu-tools-for-stm32.12.3.rel1.win32_1.0.200.202406191623/tools/bin/../lib/gcc/arm-none-eabi/12.3.1/../../../../arm-none-eabi/lib/thumb/v7e-m+fp/hard\libc_nano.a(libc_a-errno.o)
                0x080087d4                __errno
 .text.__libc_init_array
                0x080087e0       0x48 C:/Program Files/CIDEfor2370/STM32CubeIDE/plugins/com.st.stm32cube.ide.mcu.externaltools.gnu-tools-for-stm32.12.3.rel1.win32_1.0.200.202406191623/tools/bin/../lib/gcc/arm-none-eabi/12.3.1/../../../../arm-none-eabi/lib/thumb/v7e-m+fp/hard\libc_nano.a(libc_a-init.o)
                0x080087e0                __libc_init_array
 .text.__retarget_lock_acquire_recursive
                0x08008828        0x2 C:/Program Files/CIDEfor2370/STM32CubeIDE/plugins/com.st.stm32cube.ide.mcu.externaltools.gnu-tools-for-stm32.12.3.rel1.win32_1.0.200.202406191623/tools/bin/../lib/gcc/arm-none-eabi/12.3.1/../../../../arm-none-eabi/lib/thumb/v7e-m+fp/hard\libc_nano.a(libc_a-lock.o)
                0x08008828                __retarget_lock_acquire_recursive
 .text.__retarget_lock_release_recursive
                0x0800882a        0x2 C:/Program Files/CIDEfor2370/STM32CubeIDE/plugins/com.st.stm32cube.ide.mcu.externaltools.gnu-tools-for-stm32.12.3.rel1.win32_1.0.200.202406191623/tools/bin/../lib/gcc/arm-none-eabi/12.3.1/../../../../arm-none-eabi/lib/thumb/v7e-m+fp/hard\libc_nano.a(libc_a-lock.o)
                0x0800882a                __retarget_lock_release_recursive
 *(.glue_7)
 .glue_7        0x0800882c        0x0 linker stubs
 *(.glue_7t)
 .glue_7t       0x0800882c        0x0 linker stubs
 *(.eh_frame)
 .eh_frame      0x0800882c        0x0 C:/Program Files/CIDEfor2370/STM32CubeIDE/plugins/com.st.stm32cube.ide.mcu.externaltools.gnu-tools-for-stm32.12.3.rel1.win32_1.0.200.202406191623/tools/bin/../lib/gcc/arm-none-eabi/12.3.1/thumb/v7e-m+fp/hard/crtbegin.o
 *(.init)
 .init          0x0800882c        0x4 C:/Program Files/CIDEfor2370/STM32CubeIDE/plugins/com.st.stm32cube.ide.mcu.externaltools.gnu-tools-for-stm32.12.3.rel1.win32_1.0.200.202406191623/tools/bin/../lib/gcc/arm-none-eabi/12.3.1/thumb/v7e-m+fp/hard/crti.o
                0x0800882c                _init
 .init          0x08008830        0x8 C:/Program Files/CIDEfor2370/STM32CubeIDE/plugins/com.st.stm32cube.ide.mcu.externaltools.gnu-tools-for-stm32.12.3.rel1.win32_1.0.200.202406191623/tools/bin/../lib/gcc/arm-none-eabi/12.3.1/thumb/v7e-m+fp/hard/crtn.o
 *(.fini)
 .fini          0x08008838        0x4 C:/Program Files/CIDEfor2370/STM32CubeIDE/plugins/com.st.stm32cube.ide.mcu.externaltools.gnu-tools-for-stm32.12.3.rel1.win32_1.0.200.202406191623/tools/bin/../lib/gcc/arm-none-eabi/12.3.1/thumb/v7e-m+fp/hard/crti.o
                0x08008838                _fini
 .fini          0x0800883c        0x8 C:/Program Files/CIDEfor2370/STM32CubeIDE/plugins/com.st.stm32cube.ide.mcu.externaltools.gnu-tools-for-stm32.12.3.rel1.win32_1.0.200.202406191623/tools/bin/../lib/gcc/arm-none-eabi/12.3.1/thumb/v7e-m+fp/hard/crtn.o
                0x08008844                        . = ALIGN (0x4)
                0x08008844                        _etext = .

.vfp11_veneer   0x08008844        0x0
 .vfp11_veneer  0x08008844        0x0 linker stubs

.v4_bx          0x08008844        0x0
 .v4_bx         0x08008844        0x0 linker stubs

.iplt           0x08008844        0x0
 .iplt          0x08008844        0x0 C:/Program Files/CIDEfor2370/STM32CubeIDE/plugins/com.st.stm32cube.ide.mcu.externaltools.gnu-tools-for-stm32.12.3.rel1.win32_1.0.200.202406191623/tools/bin/../lib/gcc/arm-none-eabi/12.3.1/thumb/v7e-m+fp/hard/crtbegin.o

.rodata         0x08008844     0x1ae8
                0x08008844                        . = ALIGN (0x4)
 *(.rodata)
 *(.rodata*)
 .rodata.ASCII16x24_Table
                0x08008844     0x11d0 ./Core/Src/fonts.o
                0x08008844                ASCII16x24_Table
 .rodata.ASCII12x12_Table
                0x08009a14      0x900 ./Core/Src/fonts.o
                0x08009a14                ASCII12x12_Table
 .rodata.AHBPrescTable
                0x0800a314       0x10 ./Core/Src/system_stm32f4xx.o
                0x0800a314                AHBPrescTable
 .rodata.APBPrescTable
                0x0800a324        0x8 ./Core/Src/system_stm32f4xx.o
                0x0800a324                APBPrescTable
                0x0800a32c                        . = ALIGN (0x4)

.ARM.extab      0x0800a32c        0x0
                0x0800a32c                        . = ALIGN (0x4)
 *(.ARM.extab* .gnu.linkonce.armextab.*)
                0x0800a32c                        . = ALIGN (0x4)

.ARM            0x0800a32c        0x8
                0x0800a32c                        . = ALIGN (0x4)
                0x0800a32c                        __exidx_start = .
 *(.ARM.exidx*)
 .ARM.exidx     0x0800a32c        0x8 C:/Program Files/CIDEfor2370/STM32CubeIDE/plugins/com.st.stm32cube.ide.mcu.externaltools.gnu-tools-for-stm32.12.3.rel1.win32_1.0.200.202406191623/tools/bin/../lib/gcc/arm-none-eabi/12.3.1/thumb/v7e-m+fp/hard\libgcc.a(_udivmoddi4.o)
                0x0800a334                        __exidx_end = .
                0x0800a334                        . = ALIGN (0x4)

.preinit_array  0x0800a334        0x0
                0x0800a334                        . = ALIGN (0x4)
                0x0800a334                        PROVIDE (__preinit_array_start = .)
 *(.preinit_array*)
                0x0800a334                        PROVIDE (__preinit_array_end = .)
                0x0800a334                        . = ALIGN (0x4)

.init_array     0x0800a334        0x4
                0x0800a334                        . = ALIGN (0x4)
                0x0800a334                        PROVIDE (__init_array_start = .)
 *(SORT_BY_NAME(.init_array.*))
 *(.init_array*)
 .init_array    0x0800a334        0x4 C:/Program Files/CIDEfor2370/STM32CubeIDE/plugins/com.st.stm32cube.ide.mcu.externaltools.gnu-tools-for-stm32.12.3.rel1.win32_1.0.200.202406191623/tools/bin/../lib/gcc/arm-none-eabi/12.3.1/thumb/v7e-m+fp/hard/crtbegin.o
                0x0800a338                        PROVIDE (__init_array_end = .)
                0x0800a338                        . = ALIGN (0x4)

.fini_array     0x0800a338        0x4
                0x0800a338                        . = ALIGN (0x4)
                [!provide]                        PROVIDE (__fini_array_start = .)
 *(SORT_BY_NAME(.fini_array.*))
 *(.fini_array*)
 .fini_array    0x0800a338        0x4 C:/Program Files/CIDEfor2370/STM32CubeIDE/plugins/com.st.stm32cube.ide.mcu.externaltools.gnu-tools-for-stm32.12.3.rel1.win32_1.0.200.202406191623/tools/bin/../lib/gcc/arm-none-eabi/12.3.1/thumb/v7e-m+fp/hard/crtbegin.o
                [!provide]                        PROVIDE (__fini_array_end = .)
                0x0800a33c                        . = ALIGN (0x4)
                0x0800a33c                        _sidata = LOADADDR (.data)

.rel.dyn        0x0800a33c        0x0
 .rel.iplt      0x0800a33c        0x0 C:/Program Files/CIDEfor2370/STM32CubeIDE/plugins/com.st.stm32cube.ide.mcu.externaltools.gnu-tools-for-stm32.12.3.rel1.win32_1.0.200.202406191623/tools/bin/../lib/gcc/arm-none-eabi/12.3.1/thumb/v7e-m+fp/hard/crtbegin.o

.data           0x20000000       0x78 load address 0x0800a33c
                0x20000000                        . = ALIGN (0x4)
                0x20000000                        _sdata = .
 *(.data)
 *(.data*)
 .data.CurrentTextColor
                0x20000000        0x2 ./Core/Src/LCD_Driver.o
 *fill*         0x20000002        0x2 
 .data.Font16x24
                0x20000004        0x8 ./Core/Src/fonts.o
                0x20000004                Font16x24
 .data.Font12x12
                0x2000000c        0x8 ./Core/Src/fonts.o
                0x2000000c                Font12x12
 .data.Alive    0x20000014        0x1 ./Core/Src/gameLogic.o
 *fill*         0x20000015        0x3 
 .data.SpiTimeout
                0x20000018        0x4 ./Core/Src/ili9341.o
                0x20000018                SpiTimeout
 .data.SystemCoreClock
                0x2000001c        0x4 ./Core/Src/system_stm32f4xx.o
                0x2000001c                SystemCoreClock
 .data.uwTickPrio
                0x20000020        0x4 ./Drivers/STM32F4xx_HAL_Driver/Src/stm32f4xx_hal.o
                0x20000020                uwTickPrio
 .data.uwTickFreq
                0x20000024        0x1 ./Drivers/STM32F4xx_HAL_Driver/Src/stm32f4xx_hal.o
                0x20000024                uwTickFreq
 *fill*         0x20000025        0x3 
 .data._impure_ptr
                0x20000028        0x4 C:/Program Files/CIDEfor2370/STM32CubeIDE/plugins/com.st.stm32cube.ide.mcu.externaltools.gnu-tools-for-stm32.12.3.rel1.win32_1.0.200.202406191623/tools/bin/../lib/gcc/arm-none-eabi/12.3.1/../../../../arm-none-eabi/lib/thumb/v7e-m+fp/hard\libc_nano.a(libc_a-impure.o)
                0x20000028                _impure_ptr
 .data._impure_data
                0x2000002c       0x4c C:/Program Files/CIDEfor2370/STM32CubeIDE/plugins/com.st.stm32cube.ide.mcu.externaltools.gnu-tools-for-stm32.12.3.rel1.win32_1.0.200.202406191623/tools/bin/../lib/gcc/arm-none-eabi/12.3.1/../../../../arm-none-eabi/lib/thumb/v7e-m+fp/hard\libc_nano.a(libc_a-impure.o)
                0x2000002c                _impure_data
 *(.RamFunc)
 *(.RamFunc*)
                0x20000078                        . = ALIGN (0x4)
                0x20000078                        _edata = .
                0x0800a3b4                        _siccmram = LOADADDR (.ccmram)

.igot.plt       0x20000078        0x0 load address 0x0800a3b4
 .igot.plt      0x20000078        0x0 C:/Program Files/CIDEfor2370/STM32CubeIDE/plugins/com.st.stm32cube.ide.mcu.externaltools.gnu-tools-for-stm32.12.3.rel1.win32_1.0.200.202406191623/tools/bin/../lib/gcc/arm-none-eabi/12.3.1/thumb/v7e-m+fp/hard/crtbegin.o

.ccmram         0x10000000        0x0 load address 0x0800a3b4
                0x10000000                        . = ALIGN (0x4)
                0x10000000                        _sccmram = .
 *(.ccmram)
 *(.ccmram*)
                0x10000000                        . = ALIGN (0x4)
                0x10000000                        _eccmram = .
                0x10000000                        . = ALIGN (0x4)

.bss            0x20000078    0x25ec4
                0x20000078                        _sbss = .
                0x20000078                        __bss_start__ = _sbss
 *(.bss)
 .bss           0x20000078       0x1c C:/Program Files/CIDEfor2370/STM32CubeIDE/plugins/com.st.stm32cube.ide.mcu.externaltools.gnu-tools-for-stm32.12.3.rel1.win32_1.0.200.202406191623/tools/bin/../lib/gcc/arm-none-eabi/12.3.1/thumb/v7e-m+fp/hard/crtbegin.o
 *(.bss*)
 .bss.StaticTouchData
                0x20000094        0x8 ./Core/Src/ApplicationCode.o
 .bss.GameTimeOveflows
                0x2000009c        0x4 ./Core/Src/ApplicationCode.o
 .bss.hltdc     0x200000a0       0xa8 ./Core/Src/LCD_Driver.o
 .bss.PeriphClkInitStruct
                0x20000148       0x30 ./Core/Src/LCD_Driver.o
 .bss.LCD_Currentfonts
                0x20000178        0x4 ./Core/Src/LCD_Driver.o
 .bss.frameBuffer
                0x2000017c    0x25800 ./Core/Src/LCD_Driver.o
                0x2000017c                frameBuffer
 .bss.RNGState  0x2002597c        0x1 ./Core/Src/RNG.o
 *fill*         0x2002597d        0x3 
 .bss.RNGConfig
                0x20025980       0x10 ./Core/Src/RNG.o
 .bss.htim2     0x20025990       0x48 ./Core/Src/Timer_Driver.o
 .bss.htim3     0x200259d8       0x48 ./Core/Src/Timer_Driver.o
 .bss.GameState
                0x20025a20       0xc8 ./Core/Src/gameLogic.o
 .bss.CurrentBlockPos
                0x20025ae8        0x2 ./Core/Src/gameLogic.o
 .bss.CurrentBlockNum
                0x20025aea        0x1 ./Core/Src/gameLogic.o
 *fill*         0x20025aeb        0x1 
 .bss.CurrentBlock
                0x20025aec        0x4 ./Core/Src/gameLogic.o
 .bss.AllBlocks
                0x20025af0       0x4c ./Core/Src/gameLogic.o
 .bss.singleClears
                0x20025b3c        0x2 ./Core/Src/gameLogic.o
 .bss.doubleClears
                0x20025b3e        0x2 ./Core/Src/gameLogic.o
 .bss.trippleClears
                0x20025b40        0x2 ./Core/Src/gameLogic.o
 .bss.tetrisClears
                0x20025b42        0x2 ./Core/Src/gameLogic.o
 .bss.SpiHandle
                0x20025b44       0x58 ./Core/Src/ili9341.o
 .bss.Is_LCD_IO_Initialized
                0x20025b9c        0x1 ./Core/Src/ili9341.o
 *fill*         0x20025b9d        0x3 
 .bss.hi2c3     0x20025ba0       0x54 ./Core/Src/main.o
                0x20025ba0                hi2c3
 .bss.hltdc     0x20025bf4       0xa8 ./Core/Src/main.o
                0x20025bf4                hltdc
 .bss.hrng      0x20025c9c       0x10 ./Core/Src/main.o
                0x20025c9c                hrng
 .bss.hspi5     0x20025cac       0x58 ./Core/Src/main.o
                0x20025cac                hspi5
 .bss.htim2     0x20025d04       0x48 ./Core/Src/main.o
                0x20025d04                htim2
 .bss.htim3     0x20025d4c       0x48 ./Core/Src/main.o
                0x20025d4c                htim3
 .bss.hI2C3     0x20025d94       0x54 ./Core/Src/stmpe811.o
 .bss.HAL_status
                0x20025de8        0x1 ./Core/Src/stmpe811.o
 *fill*         0x20025de9        0x3 
 .bss.__sbrk_heap_end
                0x20025dec        0x4 ./Core/Src/sysmem.o
 .bss.uwTick    0x20025df0        0x4 ./Drivers/STM32F4xx_HAL_Driver/Src/stm32f4xx_hal.o
                0x20025df0                uwTick
 .bss.__malloc_sbrk_start
                0x20025df4        0x4 C:/Program Files/CIDEfor2370/STM32CubeIDE/plugins/com.st.stm32cube.ide.mcu.externaltools.gnu-tools-for-stm32.12.3.rel1.win32_1.0.200.202406191623/tools/bin/../lib/gcc/arm-none-eabi/12.3.1/../../../../arm-none-eabi/lib/thumb/v7e-m+fp/hard\libc_nano.a(libc_a-mallocr.o)
                0x20025df4                __malloc_sbrk_start
 .bss.__malloc_free_list
                0x20025df8        0x4 C:/Program Files/CIDEfor2370/STM32CubeIDE/plugins/com.st.stm32cube.ide.mcu.externaltools.gnu-tools-for-stm32.12.3.rel1.win32_1.0.200.202406191623/tools/bin/../lib/gcc/arm-none-eabi/12.3.1/../../../../arm-none-eabi/lib/thumb/v7e-m+fp/hard\libc_nano.a(libc_a-mallocr.o)
                0x20025df8                __malloc_free_list
 .bss.__sf      0x20025dfc      0x138 C:/Program Files/CIDEfor2370/STM32CubeIDE/plugins/com.st.stm32cube.ide.mcu.externaltools.gnu-tools-for-stm32.12.3.rel1.win32_1.0.200.202406191623/tools/bin/../lib/gcc/arm-none-eabi/12.3.1/../../../../arm-none-eabi/lib/thumb/v7e-m+fp/hard\libc_nano.a(libc_a-findfp.o)
                0x20025dfc                __sf
 .bss.errno     0x20025f34        0x4 C:/Program Files/CIDEfor2370/STM32CubeIDE/plugins/com.st.stm32cube.ide.mcu.externaltools.gnu-tools-for-stm32.12.3.rel1.win32_1.0.200.202406191623/tools/bin/../lib/gcc/arm-none-eabi/12.3.1/../../../../arm-none-eabi/lib/thumb/v7e-m+fp/hard\libc_nano.a(libc_a-reent.o)
                0x20025f34                errno
 .bss.__lock___malloc_recursive_mutex
                0x20025f38        0x1 C:/Program Files/CIDEfor2370/STM32CubeIDE/plugins/com.st.stm32cube.ide.mcu.externaltools.gnu-tools-for-stm32.12.3.rel1.win32_1.0.200.202406191623/tools/bin/../lib/gcc/arm-none-eabi/12.3.1/../../../../arm-none-eabi/lib/thumb/v7e-m+fp/hard\libc_nano.a(libc_a-lock.o)
                0x20025f38                __lock___malloc_recursive_mutex
 *(COMMON)
                0x20025f3c                        . = ALIGN (0x4)
 *fill*         0x20025f39        0x3 
                0x20025f3c                        _ebss = .
                0x20025f3c                        __bss_end__ = _ebss

._user_heap_stack
                0x20025f3c      0x604
                0x20025f40                        . = ALIGN (0x8)
 *fill*         0x20025f3c        0x4 
                [!provide]                        PROVIDE (end = .)
                0x20025f40                        PROVIDE (_end = .)
                0x20026140                        . = (. + _Min_Heap_Size)
 *fill*         0x20025f40      0x200 
                0x20026540                        . = (. + _Min_Stack_Size)
 *fill*         0x20026140      0x400 
                0x20026540                        . = ALIGN (0x8)

/DISCARD/
 libc.a(*)
 libm.a(*)
 libgcc.a(*)

.ARM.attributes
                0x00000000       0x30
 *(.ARM.attributes)
 .ARM.attributes
                0x00000000       0x22 C:/Program Files/CIDEfor2370/STM32CubeIDE/plugins/com.st.stm32cube.ide.mcu.externaltools.gnu-tools-for-stm32.12.3.rel1.win32_1.0.200.202406191623/tools/bin/../lib/gcc/arm-none-eabi/12.3.1/thumb/v7e-m+fp/hard/crti.o
 .ARM.attributes
                0x00000022       0x34 C:/Program Files/CIDEfor2370/STM32CubeIDE/plugins/com.st.stm32cube.ide.mcu.externaltools.gnu-tools-for-stm32.12.3.rel1.win32_1.0.200.202406191623/tools/bin/../lib/gcc/arm-none-eabi/12.3.1/thumb/v7e-m+fp/hard/crtbegin.o
 .ARM.attributes
                0x00000056       0x34 ./Core/Src/ApplicationCode.o
 .ARM.attributes
                0x0000008a       0x34 ./Core/Src/Button_Driver.o
 .ARM.attributes
                0x000000be       0x34 ./Core/Src/InterruptControl.o
 .ARM.attributes
                0x000000f2       0x34 ./Core/Src/LCD_Driver.o
 .ARM.attributes
                0x00000126       0x34 ./Core/Src/RNG.o
 .ARM.attributes
                0x0000015a       0x34 ./Core/Src/Timer_Driver.o
 .ARM.attributes
                0x0000018e       0x34 ./Core/Src/fonts.o
 .ARM.attributes
                0x000001c2       0x34 ./Core/Src/gameLogic.o
 .ARM.attributes
                0x000001f6       0x34 ./Core/Src/ili9341.o
 .ARM.attributes
                0x0000022a       0x34 ./Core/Src/main.o
 .ARM.attributes
                0x0000025e       0x34 ./Core/Src/stm32f4xx_hal_msp.o
 .ARM.attributes
                0x00000292       0x34 ./Core/Src/stm32f4xx_it.o
 .ARM.attributes
                0x000002c6       0x34 ./Core/Src/stmpe811.o
 .ARM.attributes
                0x000002fa       0x34 ./Core/Src/syscalls.o
 .ARM.attributes
                0x0000032e       0x34 ./Core/Src/sysmem.o
 .ARM.attributes
                0x00000362       0x34 ./Core/Src/system_stm32f4xx.o
 .ARM.attributes
                0x00000396       0x21 ./Core/Startup/startup_stm32f429zitx.o
 .ARM.attributes
                0x000003b7       0x34 ./Drivers/STM32F4xx_HAL_Driver/Src/stm32f4xx_hal.o
 .ARM.attributes
                0x000003eb       0x34 ./Drivers/STM32F4xx_HAL_Driver/Src/stm32f4xx_hal_cortex.o
 .ARM.attributes
                0x0000041f       0x34 ./Drivers/STM32F4xx_HAL_Driver/Src/stm32f4xx_hal_gpio.o
 .ARM.attributes
                0x00000453       0x34 ./Drivers/STM32F4xx_HAL_Driver/Src/stm32f4xx_hal_i2c.o
 .ARM.attributes
                0x00000487       0x34 ./Drivers/STM32F4xx_HAL_Driver/Src/stm32f4xx_hal_i2c_ex.o
 .ARM.attributes
                0x000004bb       0x34 ./Drivers/STM32F4xx_HAL_Driver/Src/stm32f4xx_hal_ltdc.o
 .ARM.attributes
                0x000004ef       0x34 ./Drivers/STM32F4xx_HAL_Driver/Src/stm32f4xx_hal_rcc.o
 .ARM.attributes
                0x00000523       0x34 ./Drivers/STM32F4xx_HAL_Driver/Src/stm32f4xx_hal_rcc_ex.o
 .ARM.attributes
                0x00000557       0x34 ./Drivers/STM32F4xx_HAL_Driver/Src/stm32f4xx_hal_rng.o
 .ARM.attributes
                0x0000058b       0x34 ./Drivers/STM32F4xx_HAL_Driver/Src/stm32f4xx_hal_spi.o
 .ARM.attributes
                0x000005bf       0x34 ./Drivers/STM32F4xx_HAL_Driver/Src/stm32f4xx_hal_tim.o
 .ARM.attributes
                0x000005f3       0x34 ./Drivers/STM32F4xx_HAL_Driver/Src/stm32f4xx_hal_tim_ex.o
 .ARM.attributes
                0x00000627       0x34 C:/Program Files/CIDEfor2370/STM32CubeIDE/plugins/com.st.stm32cube.ide.mcu.externaltools.gnu-tools-for-stm32.12.3.rel1.win32_1.0.200.202406191623/tools/bin/../lib/gcc/arm-none-eabi/12.3.1/../../../../arm-none-eabi/lib/thumb/v7e-m+fp/hard\libc_nano.a(libc_a-malloc.o)
 .ARM.attributes
                0x0000065b       0x34 C:/Program Files/CIDEfor2370/STM32CubeIDE/plugins/com.st.stm32cube.ide.mcu.externaltools.gnu-tools-for-stm32.12.3.rel1.win32_1.0.200.202406191623/tools/bin/../lib/gcc/arm-none-eabi/12.3.1/../../../../arm-none-eabi/lib/thumb/v7e-m+fp/hard\libc_nano.a(libc_a-mallocr.o)
 .ARM.attributes
                0x0000068f       0x34 C:/Program Files/CIDEfor2370/STM32CubeIDE/plugins/com.st.stm32cube.ide.mcu.externaltools.gnu-tools-for-stm32.12.3.rel1.win32_1.0.200.202406191623/tools/bin/../lib/gcc/arm-none-eabi/12.3.1/../../../../arm-none-eabi/lib/thumb/v7e-m+fp/hard\libc_nano.a(libc_a-mlock.o)
 .ARM.attributes
                0x000006c3       0x34 C:/Program Files/CIDEfor2370/STM32CubeIDE/plugins/com.st.stm32cube.ide.mcu.externaltools.gnu-tools-for-stm32.12.3.rel1.win32_1.0.200.202406191623/tools/bin/../lib/gcc/arm-none-eabi/12.3.1/../../../../arm-none-eabi/lib/thumb/v7e-m+fp/hard\libc_nano.a(libc_a-findfp.o)
 .ARM.attributes
                0x000006f7       0x34 C:/Program Files/CIDEfor2370/STM32CubeIDE/plugins/com.st.stm32cube.ide.mcu.externaltools.gnu-tools-for-stm32.12.3.rel1.win32_1.0.200.202406191623/tools/bin/../lib/gcc/arm-none-eabi/12.3.1/../../../../arm-none-eabi/lib/thumb/v7e-m+fp/hard\libc_nano.a(libc_a-memset.o)
 .ARM.attributes
                0x0000072b       0x34 C:/Program Files/CIDEfor2370/STM32CubeIDE/plugins/com.st.stm32cube.ide.mcu.externaltools.gnu-tools-for-stm32.12.3.rel1.win32_1.0.200.202406191623/tools/bin/../lib/gcc/arm-none-eabi/12.3.1/../../../../arm-none-eabi/lib/thumb/v7e-m+fp/hard\libc_nano.a(libc_a-reent.o)
 .ARM.attributes
                0x0000075f       0x34 C:/Program Files/CIDEfor2370/STM32CubeIDE/plugins/com.st.stm32cube.ide.mcu.externaltools.gnu-tools-for-stm32.12.3.rel1.win32_1.0.200.202406191623/tools/bin/../lib/gcc/arm-none-eabi/12.3.1/../../../../arm-none-eabi/lib/thumb/v7e-m+fp/hard\libc_nano.a(libc_a-impure.o)
 .ARM.attributes
                0x00000793       0x34 C:/Program Files/CIDEfor2370/STM32CubeIDE/plugins/com.st.stm32cube.ide.mcu.externaltools.gnu-tools-for-stm32.12.3.rel1.win32_1.0.200.202406191623/tools/bin/../lib/gcc/arm-none-eabi/12.3.1/../../../../arm-none-eabi/lib/thumb/v7e-m+fp/hard\libc_nano.a(libc_a-sbrkr.o)
 .ARM.attributes
                0x000007c7       0x34 C:/Program Files/CIDEfor2370/STM32CubeIDE/plugins/com.st.stm32cube.ide.mcu.externaltools.gnu-tools-for-stm32.12.3.rel1.win32_1.0.200.202406191623/tools/bin/../lib/gcc/arm-none-eabi/12.3.1/../../../../arm-none-eabi/lib/thumb/v7e-m+fp/hard\libc_nano.a(libc_a-errno.o)
 .ARM.attributes
                0x000007fb       0x34 C:/Program Files/CIDEfor2370/STM32CubeIDE/plugins/com.st.stm32cube.ide.mcu.externaltools.gnu-tools-for-stm32.12.3.rel1.win32_1.0.200.202406191623/tools/bin/../lib/gcc/arm-none-eabi/12.3.1/../../../../arm-none-eabi/lib/thumb/v7e-m+fp/hard\libc_nano.a(libc_a-init.o)
 .ARM.attributes
                0x0000082f       0x34 C:/Program Files/CIDEfor2370/STM32CubeIDE/plugins/com.st.stm32cube.ide.mcu.externaltools.gnu-tools-for-stm32.12.3.rel1.win32_1.0.200.202406191623/tools/bin/../lib/gcc/arm-none-eabi/12.3.1/../../../../arm-none-eabi/lib/thumb/v7e-m+fp/hard\libc_nano.a(libc_a-lock.o)
 .ARM.attributes
                0x00000863       0x22 C:/Program Files/CIDEfor2370/STM32CubeIDE/plugins/com.st.stm32cube.ide.mcu.externaltools.gnu-tools-for-stm32.12.3.rel1.win32_1.0.200.202406191623/tools/bin/../lib/gcc/arm-none-eabi/12.3.1/thumb/v7e-m+fp/hard\libgcc.a(_aeabi_uldivmod.o)
 .ARM.attributes
                0x00000885       0x34 C:/Program Files/CIDEfor2370/STM32CubeIDE/plugins/com.st.stm32cube.ide.mcu.externaltools.gnu-tools-for-stm32.12.3.rel1.win32_1.0.200.202406191623/tools/bin/../lib/gcc/arm-none-eabi/12.3.1/thumb/v7e-m+fp/hard\libgcc.a(_udivmoddi4.o)
 .ARM.attributes
                0x000008b9       0x22 C:/Program Files/CIDEfor2370/STM32CubeIDE/plugins/com.st.stm32cube.ide.mcu.externaltools.gnu-tools-for-stm32.12.3.rel1.win32_1.0.200.202406191623/tools/bin/../lib/gcc/arm-none-eabi/12.3.1/thumb/v7e-m+fp/hard\libgcc.a(_dvmd_tls.o)
 .ARM.attributes
                0x000008db       0x22 C:/Program Files/CIDEfor2370/STM32CubeIDE/plugins/com.st.stm32cube.ide.mcu.externaltools.gnu-tools-for-stm32.12.3.rel1.win32_1.0.200.202406191623/tools/bin/../lib/gcc/arm-none-eabi/12.3.1/thumb/v7e-m+fp/hard/crtn.o
OUTPUT(tSribarFinalProject.elf elf32-littlearm)
LOAD linker stubs
LOAD C:/Program Files/CIDEfor2370/STM32CubeIDE/plugins/com.st.stm32cube.ide.mcu.externaltools.gnu-tools-for-stm32.12.3.rel1.win32_1.0.200.202406191623/tools/bin/../lib/gcc/arm-none-eabi/12.3.1/../../../../arm-none-eabi/lib/thumb/v7e-m+fp/hard\libc.a
LOAD C:/Program Files/CIDEfor2370/STM32CubeIDE/plugins/com.st.stm32cube.ide.mcu.externaltools.gnu-tools-for-stm32.12.3.rel1.win32_1.0.200.202406191623/tools/bin/../lib/gcc/arm-none-eabi/12.3.1/../../../../arm-none-eabi/lib/thumb/v7e-m+fp/hard\libm.a
LOAD C:/Program Files/CIDEfor2370/STM32CubeIDE/plugins/com.st.stm32cube.ide.mcu.externaltools.gnu-tools-for-stm32.12.3.rel1.win32_1.0.200.202406191623/tools/bin/../lib/gcc/arm-none-eabi/12.3.1/thumb/v7e-m+fp/hard\libgcc.a

.debug_info     0x00000000    0x1590e
 .debug_info    0x00000000      0xd5e ./Core/Src/ApplicationCode.o
 .debug_info    0x00000d5e      0x865 ./Core/Src/Button_Driver.o
 .debug_info    0x000015c3      0x37a ./Core/Src/InterruptControl.o
 .debug_info    0x0000193d     0x1331 ./Core/Src/LCD_Driver.o
 .debug_info    0x00002c6e      0x26a ./Core/Src/RNG.o
 .debug_info    0x00002ed8      0x8a0 ./Core/Src/Timer_Driver.o
 .debug_info    0x00003778      0x145 ./Core/Src/fonts.o
 .debug_info    0x000038bd      0x631 ./Core/Src/gameLogic.o
 .debug_info    0x00003eee      0xc85 ./Core/Src/ili9341.o
 .debug_info    0x00004b73     0x191d ./Core/Src/main.o
 .debug_info    0x00006490     0x17ce ./Core/Src/stm32f4xx_hal_msp.o
 .debug_info    0x00007c5e      0x120 ./Core/Src/stm32f4xx_it.o
 .debug_info    0x00007d7e      0xdd8 ./Core/Src/stmpe811.o
 .debug_info    0x00008b56      0x6a3 ./Core/Src/syscalls.o
 .debug_info    0x000091f9      0x168 ./Core/Src/sysmem.o
 .debug_info    0x00009361      0x52e ./Core/Src/system_stm32f4xx.o
 .debug_info    0x0000988f       0x30 ./Core/Startup/startup_stm32f429zitx.o
 .debug_info    0x000098bf      0x9ba ./Drivers/STM32F4xx_HAL_Driver/Src/stm32f4xx_hal.o
 .debug_info    0x0000a279      0xdc2 ./Drivers/STM32F4xx_HAL_Driver/Src/stm32f4xx_hal_cortex.o
 .debug_info    0x0000b03b      0x6db ./Drivers/STM32F4xx_HAL_Driver/Src/stm32f4xx_hal_gpio.o
 .debug_info    0x0000b716     0x2421 ./Drivers/STM32F4xx_HAL_Driver/Src/stm32f4xx_hal_i2c.o
 .debug_info    0x0000db37      0x672 ./Drivers/STM32F4xx_HAL_Driver/Src/stm32f4xx_hal_i2c_ex.o
 .debug_info    0x0000e1a9     0x1022 ./Drivers/STM32F4xx_HAL_Driver/Src/stm32f4xx_hal_ltdc.o
 .debug_info    0x0000f1cb      0x8c7 ./Drivers/STM32F4xx_HAL_Driver/Src/stm32f4xx_hal_rcc.o
 .debug_info    0x0000fa92      0x64c ./Drivers/STM32F4xx_HAL_Driver/Src/stm32f4xx_hal_rcc_ex.o
 .debug_info    0x000100de      0x493 ./Drivers/STM32F4xx_HAL_Driver/Src/stm32f4xx_hal_rng.o
 .debug_info    0x00010571     0x1525 ./Drivers/STM32F4xx_HAL_Driver/Src/stm32f4xx_hal_spi.o
 .debug_info    0x00011a96     0x299d ./Drivers/STM32F4xx_HAL_Driver/Src/stm32f4xx_hal_tim.o
 .debug_info    0x00014433     0x14db ./Drivers/STM32F4xx_HAL_Driver/Src/stm32f4xx_hal_tim_ex.o

.debug_abbrev   0x00000000     0x3907
 .debug_abbrev  0x00000000      0x2a8 ./Core/Src/ApplicationCode.o
 .debug_abbrev  0x000002a8      0x20d ./Core/Src/Button_Driver.o
 .debug_abbrev  0x000004b5       0xdd ./Core/Src/InterruptControl.o
 .debug_abbrev  0x00000592      0x35e ./Core/Src/LCD_Driver.o
 .debug_abbrev  0x000008f0      0x13a ./Core/Src/RNG.o
 .debug_abbrev  0x00000a2a      0x1e2 ./Core/Src/Timer_Driver.o
 .debug_abbrev  0x00000c0c       0xc6 ./Core/Src/fonts.o
 .debug_abbrev  0x00000cd2      0x1fe ./Core/Src/gameLogic.o
 .debug_abbrev  0x00000ed0      0x2c9 ./Core/Src/ili9341.o
 .debug_abbrev  0x00001199      0x35f ./Core/Src/main.o
 .debug_abbrev  0x000014f8      0x247 ./Core/Src/stm32f4xx_hal_msp.o
 .debug_abbrev  0x0000173f       0x73 ./Core/Src/stm32f4xx_it.o
 .debug_abbrev  0x000017b2      0x2c9 ./Core/Src/stmpe811.o
 .debug_abbrev  0x00001a7b      0x1b6 ./Core/Src/syscalls.o
 .debug_abbrev  0x00001c31       0xbc ./Core/Src/sysmem.o
 .debug_abbrev  0x00001ced      0x11a ./Core/Src/system_stm32f4xx.o
 .debug_abbrev  0x00001e07       0x24 ./Core/Startup/startup_stm32f429zitx.o
 .debug_abbrev  0x00001e2b      0x214 ./Drivers/STM32F4xx_HAL_Driver/Src/stm32f4xx_hal.o
 .debug_abbrev  0x0000203f      0x31d ./Drivers/STM32F4xx_HAL_Driver/Src/stm32f4xx_hal_cortex.o
 .debug_abbrev  0x0000235c      0x1d4 ./Drivers/STM32F4xx_HAL_Driver/Src/stm32f4xx_hal_gpio.o
 .debug_abbrev  0x00002530      0x2ad ./Drivers/STM32F4xx_HAL_Driver/Src/stm32f4xx_hal_i2c.o
 .debug_abbrev  0x000027dd      0x157 ./Drivers/STM32F4xx_HAL_Driver/Src/stm32f4xx_hal_i2c_ex.o
 .debug_abbrev  0x00002934      0x233 ./Drivers/STM32F4xx_HAL_Driver/Src/stm32f4xx_hal_ltdc.o
 .debug_abbrev  0x00002b67      0x2b7 ./Drivers/STM32F4xx_HAL_Driver/Src/stm32f4xx_hal_rcc.o
 .debug_abbrev  0x00002e1e      0x1b0 ./Drivers/STM32F4xx_HAL_Driver/Src/stm32f4xx_hal_rcc_ex.o
 .debug_abbrev  0x00002fce      0x1c4 ./Drivers/STM32F4xx_HAL_Driver/Src/stm32f4xx_hal_rng.o
 .debug_abbrev  0x00003192      0x27a ./Drivers/STM32F4xx_HAL_Driver/Src/stm32f4xx_hal_spi.o
 .debug_abbrev  0x0000340c      0x278 ./Drivers/STM32F4xx_HAL_Driver/Src/stm32f4xx_hal_tim.o
 .debug_abbrev  0x00003684      0x283 ./Drivers/STM32F4xx_HAL_Driver/Src/stm32f4xx_hal_tim_ex.o

.debug_aranges  0x00000000     0x1688
 .debug_aranges
                0x00000000       0xd0 ./Core/Src/ApplicationCode.o
 .debug_aranges
                0x000000d0       0x40 ./Core/Src/Button_Driver.o
 .debug_aranges
                0x00000110       0x58 ./Core/Src/InterruptControl.o
 .debug_aranges
                0x00000168      0x108 ./Core/Src/LCD_Driver.o
 .debug_aranges
                0x00000270       0x38 ./Core/Src/RNG.o
 .debug_aranges
                0x000002a8       0x50 ./Core/Src/Timer_Driver.o
 .debug_aranges
                0x000002f8       0x18 ./Core/Src/fonts.o
 .debug_aranges
                0x00000310       0xd0 ./Core/Src/gameLogic.o
 .debug_aranges
                0x000003e0       0x98 ./Core/Src/ili9341.o
 .debug_aranges
                0x00000478       0x80 ./Core/Src/main.o
 .debug_aranges
                0x000004f8       0x70 ./Core/Src/stm32f4xx_hal_msp.o
 .debug_aranges
                0x00000568       0x60 ./Core/Src/stm32f4xx_it.o
 .debug_aranges
                0x000005c8       0x88 ./Core/Src/stmpe811.o
 .debug_aranges
                0x00000650       0xa8 ./Core/Src/syscalls.o
 .debug_aranges
                0x000006f8       0x20 ./Core/Src/sysmem.o
 .debug_aranges
                0x00000718       0x28 ./Core/Src/system_stm32f4xx.o
 .debug_aranges
                0x00000740       0x28 ./Core/Startup/startup_stm32f429zitx.o
 .debug_aranges
                0x00000768      0x100 ./Drivers/STM32F4xx_HAL_Driver/Src/stm32f4xx_hal.o
 .debug_aranges
                0x00000868      0x130 ./Drivers/STM32F4xx_HAL_Driver/Src/stm32f4xx_hal_cortex.o
 .debug_aranges
                0x00000998       0x58 ./Drivers/STM32F4xx_HAL_Driver/Src/stm32f4xx_hal_gpio.o
 .debug_aranges
                0x000009f0      0x2a8 ./Drivers/STM32F4xx_HAL_Driver/Src/stm32f4xx_hal_i2c.o
 .debug_aranges
                0x00000c98       0x28 ./Drivers/STM32F4xx_HAL_Driver/Src/stm32f4xx_hal_i2c_ex.o
 .debug_aranges
                0x00000cc0      0x158 ./Drivers/STM32F4xx_HAL_Driver/Src/stm32f4xx_hal_ltdc.o
 .debug_aranges
                0x00000e18       0x88 ./Drivers/STM32F4xx_HAL_Driver/Src/stm32f4xx_hal_rcc.o
 .debug_aranges
                0x00000ea0       0x58 ./Drivers/STM32F4xx_HAL_Driver/Src/stm32f4xx_hal_rcc_ex.o
 .debug_aranges
                0x00000ef8       0x88 ./Drivers/STM32F4xx_HAL_Driver/Src/stm32f4xx_hal_rng.o
 .debug_aranges
                0x00000f80      0x1d0 ./Drivers/STM32F4xx_HAL_Driver/Src/stm32f4xx_hal_spi.o
 .debug_aranges
                0x00001150      0x3d0 ./Drivers/STM32F4xx_HAL_Driver/Src/stm32f4xx_hal_tim.o
 .debug_aranges
                0x00001520      0x168 ./Drivers/STM32F4xx_HAL_Driver/Src/stm32f4xx_hal_tim_ex.o

.debug_rnglists
                0x00000000     0x1148
 .debug_rnglists
                0x00000000       0x99 ./Core/Src/ApplicationCode.o
 .debug_rnglists
                0x00000099       0x2b ./Core/Src/Button_Driver.o
 .debug_rnglists
                0x000000c4       0x3d ./Core/Src/InterruptControl.o
 .debug_rnglists
                0x00000101       0xcc ./Core/Src/LCD_Driver.o
 .debug_rnglists
                0x000001cd       0x25 ./Core/Src/RNG.o
 .debug_rnglists
                0x000001f2       0x39 ./Core/Src/Timer_Driver.o
 .debug_rnglists
                0x0000022b       0x9d ./Core/Src/gameLogic.o
 .debug_rnglists
                0x000002c8       0x6f ./Core/Src/ili9341.o
 .debug_rnglists
                0x00000337       0x62 ./Core/Src/main.o
 .debug_rnglists
                0x00000399       0x53 ./Core/Src/stm32f4xx_hal_msp.o
 .debug_rnglists
                0x000003ec       0x43 ./Core/Src/stm32f4xx_it.o
 .debug_rnglists
                0x0000042f       0x67 ./Core/Src/stmpe811.o
 .debug_rnglists
                0x00000496       0x79 ./Core/Src/syscalls.o
 .debug_rnglists
                0x0000050f       0x13 ./Core/Src/sysmem.o
 .debug_rnglists
                0x00000522       0x1a ./Core/Src/system_stm32f4xx.o
 .debug_rnglists
                0x0000053c       0x19 ./Core/Startup/startup_stm32f429zitx.o
 .debug_rnglists
                0x00000555       0xbb ./Drivers/STM32F4xx_HAL_Driver/Src/stm32f4xx_hal.o
 .debug_rnglists
                0x00000610       0xe0 ./Drivers/STM32F4xx_HAL_Driver/Src/stm32f4xx_hal_cortex.o
 .debug_rnglists
                0x000006f0       0x3f ./Drivers/STM32F4xx_HAL_Driver/Src/stm32f4xx_hal_gpio.o
 .debug_rnglists
                0x0000072f      0x23c ./Drivers/STM32F4xx_HAL_Driver/Src/stm32f4xx_hal_i2c.o
 .debug_rnglists
                0x0000096b       0x19 ./Drivers/STM32F4xx_HAL_Driver/Src/stm32f4xx_hal_i2c_ex.o
 .debug_rnglists
                0x00000984      0x10a ./Drivers/STM32F4xx_HAL_Driver/Src/stm32f4xx_hal_ltdc.o
 .debug_rnglists
                0x00000a8e       0x66 ./Drivers/STM32F4xx_HAL_Driver/Src/stm32f4xx_hal_rcc.o
 .debug_rnglists
                0x00000af4       0x43 ./Drivers/STM32F4xx_HAL_Driver/Src/stm32f4xx_hal_rcc_ex.o
 .debug_rnglists
                0x00000b37       0x63 ./Drivers/STM32F4xx_HAL_Driver/Src/stm32f4xx_hal_rng.o
 .debug_rnglists
                0x00000b9a      0x16f ./Drivers/STM32F4xx_HAL_Driver/Src/stm32f4xx_hal_spi.o
 .debug_rnglists
                0x00000d09      0x31a ./Drivers/STM32F4xx_HAL_Driver/Src/stm32f4xx_hal_tim.o
 .debug_rnglists
                0x00001023      0x125 ./Drivers/STM32F4xx_HAL_Driver/Src/stm32f4xx_hal_tim_ex.o

.debug_macro    0x00000000    0x27c30
 .debug_macro   0x00000000      0x389 ./Core/Src/ApplicationCode.o
 .debug_macro   0x00000389      0xab4 ./Core/Src/ApplicationCode.o
 .debug_macro   0x00000e3d      0x2ad ./Core/Src/ApplicationCode.o
 .debug_macro   0x000010ea       0x2e ./Core/Src/ApplicationCode.o
 .debug_macro   0x00001118       0x28 ./Core/Src/ApplicationCode.o
 .debug_macro   0x00001140       0x22 ./Core/Src/ApplicationCode.o
 .debug_macro   0x00001162       0x8e ./Core/Src/ApplicationCode.o
 .debug_macro   0x000011f0       0x51 ./Core/Src/ApplicationCode.o
 .debug_macro   0x00001241      0x103 ./Core/Src/ApplicationCode.o
 .debug_macro   0x00001344       0x6a ./Core/Src/ApplicationCode.o
 .debug_macro   0x000013ae      0x1df ./Core/Src/ApplicationCode.o
 .debug_macro   0x0000158d       0x1c ./Core/Src/ApplicationCode.o
 .debug_macro   0x000015a9       0x22 ./Core/Src/ApplicationCode.o
 .debug_macro   0x000015cb       0xfb ./Core/Src/ApplicationCode.o
 .debug_macro   0x000016c6     0x1011 ./Core/Src/ApplicationCode.o
 .debug_macro   0x000026d7      0x11f ./Core/Src/ApplicationCode.o
 .debug_macro   0x000027f6    0x17fd8 ./Core/Src/ApplicationCode.o
 .debug_macro   0x0001a7ce       0x6d ./Core/Src/ApplicationCode.o
 .debug_macro   0x0001a83b     0x3711 ./Core/Src/ApplicationCode.o
 .debug_macro   0x0001df4c      0x189 ./Core/Src/ApplicationCode.o
 .debug_macro   0x0001e0d5       0x5c ./Core/Src/ApplicationCode.o
 .debug_macro   0x0001e131      0xcba ./Core/Src/ApplicationCode.o
 .debug_macro   0x0001edeb      0x9e9 ./Core/Src/ApplicationCode.o
 .debug_macro   0x0001f7d4      0x115 ./Core/Src/ApplicationCode.o
 .debug_macro   0x0001f8e9      0x156 ./Core/Src/ApplicationCode.o
 .debug_macro   0x0001fa3f       0xa5 ./Core/Src/ApplicationCode.o
 .debug_macro   0x0001fae4      0x182 ./Core/Src/ApplicationCode.o
 .debug_macro   0x0001fc66      0x287 ./Core/Src/ApplicationCode.o
 .debug_macro   0x0001feed       0x5f ./Core/Src/ApplicationCode.o
 .debug_macro   0x0001ff4c      0x236 ./Core/Src/ApplicationCode.o
 .debug_macro   0x00020182      0x132 ./Core/Src/ApplicationCode.o
 .debug_macro   0x000202b4      0x41d ./Core/Src/ApplicationCode.o
 .debug_macro   0x000206d1       0x2e ./Core/Src/ApplicationCode.o
 .debug_macro   0x000206ff      0x1b5 ./Core/Src/ApplicationCode.o
 .debug_macro   0x000208b4       0x22 ./Core/Src/ApplicationCode.o
 .debug_macro   0x000208d6       0xd6 ./Core/Src/ApplicationCode.o
 .debug_macro   0x000209ac      0x198 ./Core/Src/ApplicationCode.o
 .debug_macro   0x00020b44       0xd6 ./Core/Src/ApplicationCode.o
 .debug_macro   0x00020c1a      0x127 ./Core/Src/ApplicationCode.o
 .debug_macro   0x00020d41       0xe2 ./Core/Src/ApplicationCode.o
 .debug_macro   0x00020e23       0x89 ./Core/Src/ApplicationCode.o
 .debug_macro   0x00020eac       0xa4 ./Core/Src/ApplicationCode.o
 .debug_macro   0x00020f50      0x225 ./Core/Src/ApplicationCode.o
 .debug_macro   0x00021175      0x8ed ./Core/Src/ApplicationCode.o
 .debug_macro   0x00021a62       0x4d ./Core/Src/ApplicationCode.o
 .debug_macro   0x00021aaf      0x134 ./Core/Src/ApplicationCode.o
 .debug_macro   0x00021be3      0x332 ./Core/Src/ApplicationCode.o
 .debug_macro   0x00021f15       0x22 ./Core/Src/ApplicationCode.o
 .debug_macro   0x00021f37      0x179 ./Core/Src/ApplicationCode.o
 .debug_macro   0x000220b0       0xb2 ./Core/Src/ApplicationCode.o
 .debug_macro   0x00022162       0x2a ./Core/Src/ApplicationCode.o
 .debug_macro   0x0002218c       0x61 ./Core/Src/ApplicationCode.o
 .debug_macro   0x000221ed       0x43 ./Core/Src/ApplicationCode.o
 .debug_macro   0x00022230       0x34 ./Core/Src/ApplicationCode.o
 .debug_macro   0x00022264       0x16 ./Core/Src/ApplicationCode.o
 .debug_macro   0x0002227a       0x35 ./Core/Src/ApplicationCode.o
 .debug_macro   0x000222af       0x16 ./Core/Src/ApplicationCode.o
 .debug_macro   0x000222c5       0x43 ./Core/Src/ApplicationCode.o
 .debug_macro   0x00022308       0x34 ./Core/Src/ApplicationCode.o
 .debug_macro   0x0002233c       0x10 ./Core/Src/ApplicationCode.o
 .debug_macro   0x0002234c       0x58 ./Core/Src/ApplicationCode.o
 .debug_macro   0x000223a4       0x8e ./Core/Src/ApplicationCode.o
 .debug_macro   0x00022432       0x1c ./Core/Src/ApplicationCode.o
 .debug_macro   0x0002244e      0x177 ./Core/Src/ApplicationCode.o
 .debug_macro   0x000225c5      0x369 ./Core/Src/ApplicationCode.o
 .debug_macro   0x0002292e       0x16 ./Core/Src/ApplicationCode.o
 .debug_macro   0x00022944       0x29 ./Core/Src/ApplicationCode.o
 .debug_macro   0x0002296d       0xfa ./Core/Src/ApplicationCode.o
 .debug_macro   0x00022a67       0x8e ./Core/Src/ApplicationCode.o
 .debug_macro   0x00022af5       0x4c ./Core/Src/ApplicationCode.o
 .debug_macro   0x00022b41       0x28 ./Core/Src/ApplicationCode.o
 .debug_macro   0x00022b69       0x1c ./Core/Src/ApplicationCode.o
 .debug_macro   0x00022b85       0x10 ./Core/Src/ApplicationCode.o
 .debug_macro   0x00022b95       0x1c ./Core/Src/ApplicationCode.o
 .debug_macro   0x00022bb1       0x16 ./Core/Src/ApplicationCode.o
 .debug_macro   0x00022bc7      0x146 ./Core/Src/ApplicationCode.o
 .debug_macro   0x00022d0d      0x223 ./Core/Src/Button_Driver.o
 .debug_macro   0x00022f30       0x22 ./Core/Src/Button_Driver.o
 .debug_macro   0x00022f52       0x72 ./Core/Src/InterruptControl.o
 .debug_macro   0x00022fc4       0x88 ./Core/Src/InterruptControl.o
 .debug_macro   0x0002304c      0x245 ./Core/Src/LCD_Driver.o
 .debug_macro   0x00023291      0x215 ./Core/Src/RNG.o
 .debug_macro   0x000234a6      0x223 ./Core/Src/Timer_Driver.o
 .debug_macro   0x000236c9       0x6d ./Core/Src/fonts.o
 .debug_macro   0x00023736      0x2f9 ./Core/Src/gameLogic.o
 .debug_macro   0x00023a2f      0x21a ./Core/Src/ili9341.o
 .debug_macro   0x00023c49      0x32c ./Core/Src/ili9341.o
 .debug_macro   0x00023f75      0x398 ./Core/Src/main.o
 .debug_macro   0x0002430d      0x4af ./Core/Src/main.o
 .debug_macro   0x000247bc      0x398 ./Core/Src/stm32f4xx_hal_msp.o
 .debug_macro   0x00024b54      0x3a2 ./Core/Src/stm32f4xx_it.o
 .debug_macro   0x00024ef6      0x235 ./Core/Src/stmpe811.o
 .debug_macro   0x0002512b      0x274 ./Core/Src/syscalls.o
 .debug_macro   0x0002539f       0x5b ./Core/Src/syscalls.o
 .debug_macro   0x000253fa       0x94 ./Core/Src/syscalls.o
 .debug_macro   0x0002548e       0x57 ./Core/Src/syscalls.o
 .debug_macro   0x000254e5       0x10 ./Core/Src/syscalls.o
 .debug_macro   0x000254f5       0x10 ./Core/Src/syscalls.o
 .debug_macro   0x00025505       0x10 ./Core/Src/syscalls.o
 .debug_macro   0x00025515       0x10 ./Core/Src/syscalls.o
 .debug_macro   0x00025525       0x1c ./Core/Src/syscalls.o
 .debug_macro   0x00025541       0x52 ./Core/Src/syscalls.o
 .debug_macro   0x00025593       0x22 ./Core/Src/syscalls.o
 .debug_macro   0x000255b5       0x10 ./Core/Src/syscalls.o
 .debug_macro   0x000255c5       0x52 ./Core/Src/syscalls.o
 .debug_macro   0x00025617       0xcf ./Core/Src/syscalls.o
 .debug_macro   0x000256e6       0x1c ./Core/Src/syscalls.o
 .debug_macro   0x00025702       0x3d ./Core/Src/syscalls.o
 .debug_macro   0x0002573f       0x35 ./Core/Src/syscalls.o
 .debug_macro   0x00025774      0x12c ./Core/Src/syscalls.o
 .debug_macro   0x000258a0       0x10 ./Core/Src/syscalls.o
 .debug_macro   0x000258b0      0x242 ./Core/Src/syscalls.o
 .debug_macro   0x00025af2       0x10 ./Core/Src/syscalls.o
 .debug_macro   0x00025b02      0x18a ./Core/Src/syscalls.o
 .debug_macro   0x00025c8c       0x16 ./Core/Src/syscalls.o
 .debug_macro   0x00025ca2       0xce ./Core/Src/syscalls.o
 .debug_macro   0x00025d70       0xff ./Core/Src/sysmem.o
 .debug_macro   0x00025e6f      0x23c ./Core/Src/sysmem.o
 .debug_macro   0x000260ab      0x20b ./Core/Src/system_stm32f4xx.o
 .debug_macro   0x000262b6      0x26b ./Drivers/STM32F4xx_HAL_Driver/Src/stm32f4xx_hal.o
 .debug_macro   0x00026521      0x20b ./Drivers/STM32F4xx_HAL_Driver/Src/stm32f4xx_hal_cortex.o
 .debug_macro   0x0002672c      0x211 ./Drivers/STM32F4xx_HAL_Driver/Src/stm32f4xx_hal_gpio.o
 .debug_macro   0x0002693d      0x259 ./Drivers/STM32F4xx_HAL_Driver/Src/stm32f4xx_hal_i2c.o
 .debug_macro   0x00026b96      0x20b ./Drivers/STM32F4xx_HAL_Driver/Src/stm32f4xx_hal_i2c_ex.o
 .debug_macro   0x00026da1      0x213 ./Drivers/STM32F4xx_HAL_Driver/Src/stm32f4xx_hal_ltdc.o
 .debug_macro   0x00026fb4      0x22f ./Drivers/STM32F4xx_HAL_Driver/Src/stm32f4xx_hal_rcc.o
 .debug_macro   0x000271e3      0x20b ./Drivers/STM32F4xx_HAL_Driver/Src/stm32f4xx_hal_rcc_ex.o
 .debug_macro   0x000273ee      0x211 ./Drivers/STM32F4xx_HAL_Driver/Src/stm32f4xx_hal_rng.o
 .debug_macro   0x000275ff      0x21a ./Drivers/STM32F4xx_HAL_Driver/Src/stm32f4xx_hal_spi.o
 .debug_macro   0x00027819      0x20c ./Drivers/STM32F4xx_HAL_Driver/Src/stm32f4xx_hal_tim.o
 .debug_macro   0x00027a25      0x20b ./Drivers/STM32F4xx_HAL_Driver/Src/stm32f4xx_hal_tim_ex.o

.debug_line     0x00000000    0x1b96a
 .debug_line    0x00000000      0xd46 ./Core/Src/ApplicationCode.o
 .debug_line    0x00000d46      0x895 ./Core/Src/Button_Driver.o
 .debug_line    0x000015db      0x55e ./Core/Src/InterruptControl.o
 .debug_line    0x00001b39      0xe8d ./Core/Src/LCD_Driver.o
 .debug_line    0x000029c6      0x82e ./Core/Src/RNG.o
 .debug_line    0x000031f4      0x935 ./Core/Src/Timer_Driver.o
 .debug_line    0x00003b29      0x41e ./Core/Src/fonts.o
 .debug_line    0x00003f47     0x10ea ./Core/Src/gameLogic.o
 .debug_line    0x00005031      0xa16 ./Core/Src/ili9341.o
 .debug_line    0x00005a47      0xd2a ./Core/Src/main.o
 .debug_line    0x00006771      0xc09 ./Core/Src/stm32f4xx_hal_msp.o
 .debug_line    0x0000737a      0xabc ./Core/Src/stm32f4xx_it.o
 .debug_line    0x00007e36      0xbeb ./Core/Src/stmpe811.o
 .debug_line    0x00008a21      0x8c1 ./Core/Src/syscalls.o
 .debug_line    0x000092e2      0x592 ./Core/Src/sysmem.o
 .debug_line    0x00009874      0x859 ./Core/Src/system_stm32f4xx.o
 .debug_line    0x0000a0cd       0x7a ./Core/Startup/startup_stm32f429zitx.o
 .debug_line    0x0000a147      0xaf8 ./Drivers/STM32F4xx_HAL_Driver/Src/stm32f4xx_hal.o
 .debug_line    0x0000ac3f      0xdb4 ./Drivers/STM32F4xx_HAL_Driver/Src/stm32f4xx_hal_cortex.o
 .debug_line    0x0000b9f3      0xc76 ./Drivers/STM32F4xx_HAL_Driver/Src/stm32f4xx_hal_gpio.o
 .debug_line    0x0000c669     0x3c08 ./Drivers/STM32F4xx_HAL_Driver/Src/stm32f4xx_hal_i2c.o
 .debug_line    0x00010271      0x84f ./Drivers/STM32F4xx_HAL_Driver/Src/stm32f4xx_hal_i2c_ex.o
 .debug_line    0x00010ac0     0x1879 ./Drivers/STM32F4xx_HAL_Driver/Src/stm32f4xx_hal_ltdc.o
 .debug_line    0x00012339      0xe4b ./Drivers/STM32F4xx_HAL_Driver/Src/stm32f4xx_hal_rcc.o
 .debug_line    0x00013184      0xc97 ./Drivers/STM32F4xx_HAL_Driver/Src/stm32f4xx_hal_rcc_ex.o
 .debug_line    0x00013e1b      0xa51 ./Drivers/STM32F4xx_HAL_Driver/Src/stm32f4xx_hal_rng.o
 .debug_line    0x0001486c     0x1de0 ./Drivers/STM32F4xx_HAL_Driver/Src/stm32f4xx_hal_spi.o
 .debug_line    0x0001664c     0x3866 ./Drivers/STM32F4xx_HAL_Driver/Src/stm32f4xx_hal_tim.o
 .debug_line    0x00019eb2     0x1ab8 ./Drivers/STM32F4xx_HAL_Driver/Src/stm32f4xx_hal_tim_ex.o

.debug_str      0x00000000    0xe3ec9
 .debug_str     0x00000000    0xdbc00 ./Core/Src/ApplicationCode.o
                              0xdbf42 (size before relaxing)
 .debug_str     0x000dbc00      0x18b ./Core/Src/Button_Driver.o
                              0xd633b (size before relaxing)
 .debug_str     0x000dbd8b       0x9a ./Core/Src/InterruptControl.o
                               0x428c (size before relaxing)
 .debug_str     0x000dbe25      0x667 ./Core/Src/LCD_Driver.o
                              0xd7899 (size before relaxing)
 .debug_str     0x000dc48c      0x126 ./Core/Src/RNG.o
                              0xd5995 (size before relaxing)
 .debug_str     0x000dc5b2      0x49b ./Core/Src/Timer_Driver.o
                              0xd639d (size before relaxing)
 .debug_str     0x000dca4d       0x36 ./Core/Src/fonts.o
                               0x3d8c (size before relaxing)
 .debug_str     0x000dca83      0x148 ./Core/Src/gameLogic.o
                              0xd93ac (size before relaxing)
 .debug_str     0x000dcbcb      0x368 ./Core/Src/ili9341.o
                              0xd6bd9 (size before relaxing)
 .debug_str     0x000dcf33     0x144a ./Core/Src/main.o
                              0xdd296 (size before relaxing)
 .debug_str     0x000de37d      0x111 ./Core/Src/stm32f4xx_hal_msp.o
                              0xdd059 (size before relaxing)
 .debug_str     0x000de48e       0xc9 ./Core/Src/stm32f4xx_it.o
                              0xdc092 (size before relaxing)
 .debug_str     0x000de557      0x171 ./Core/Src/stmpe811.o
                              0xd6895 (size before relaxing)
 .debug_str     0x000de6c8     0x1fc0 ./Core/Src/syscalls.o
                               0x98c3 (size before relaxing)
 .debug_str     0x000e0688       0x6b ./Core/Src/sysmem.o
                               0x60db (size before relaxing)
 .debug_str     0x000e06f3       0xdb ./Core/Src/system_stm32f4xx.o
                              0xd59cb (size before relaxing)
 .debug_str     0x000e07ce       0x44 ./Core/Startup/startup_stm32f429zitx.o
                                 0x8e (size before relaxing)
 .debug_str     0x000e0812      0x64e ./Drivers/STM32F4xx_HAL_Driver/Src/stm32f4xx_hal.o
                              0xd65ee (size before relaxing)
 .debug_str     0x000e0e60      0x34e ./Drivers/STM32F4xx_HAL_Driver/Src/stm32f4xx_hal_cortex.o
                              0xd631c (size before relaxing)
 .debug_str     0x000e11ae      0x111 ./Drivers/STM32F4xx_HAL_Driver/Src/stm32f4xx_hal_gpio.o
                              0xd5b46 (size before relaxing)
 .debug_str     0x000e12bf      0xb11 ./Drivers/STM32F4xx_HAL_Driver/Src/stm32f4xx_hal_i2c.o
                              0xd69db (size before relaxing)
 .debug_str     0x000e1dd0       0x3b ./Drivers/STM32F4xx_HAL_Driver/Src/stm32f4xx_hal_i2c_ex.o
                              0xd5d9a (size before relaxing)
 .debug_str     0x000e1e0b      0x491 ./Drivers/STM32F4xx_HAL_Driver/Src/stm32f4xx_hal_ltdc.o
                              0xd602f (size before relaxing)
 .debug_str     0x000e229c      0x213 ./Drivers/STM32F4xx_HAL_Driver/Src/stm32f4xx_hal_rcc.o
                              0xd5dff (size before relaxing)
 .debug_str     0x000e24af      0x133 ./Drivers/STM32F4xx_HAL_Driver/Src/stm32f4xx_hal_rcc_ex.o
                              0xd5bc6 (size before relaxing)
 .debug_str     0x000e25e2      0x152 ./Drivers/STM32F4xx_HAL_Driver/Src/stm32f4xx_hal_rng.o
                              0xd5ab8 (size before relaxing)
 .debug_str     0x000e2734      0x518 ./Drivers/STM32F4xx_HAL_Driver/Src/stm32f4xx_hal_spi.o
                              0xd6276 (size before relaxing)
 .debug_str     0x000e2c4c      0xdea ./Drivers/STM32F4xx_HAL_Driver/Src/stm32f4xx_hal_tim.o
                              0xd6d42 (size before relaxing)
 .debug_str     0x000e3a36      0x493 ./Drivers/STM32F4xx_HAL_Driver/Src/stm32f4xx_hal_tim_ex.o
                              0xd654e (size before relaxing)

.comment        0x00000000       0x43
 .comment       0x00000000       0x43 ./Core/Src/ApplicationCode.o
                                 0x44 (size before relaxing)
 .comment       0x00000043       0x44 ./Core/Src/Button_Driver.o