../Drivers/CMSIS/Include/core_cm4.h:1684:22:__NVIC_EnableIRQ	16	static,ignoring_inline_asm
../Drivers/CMSIS/Include/core_cm4.h:1722:22:__NVIC_DisableIRQ	16	static,ignoring_inline_asm
../Core/Src/ApplicationCode.c:24:6:ApplicationInit	8	static
../Core/Src/ApplicationCode.c:48:6:startTimers	8	static
../Core/Src/ApplicationCode.c:52:6:stopTimers	8	static
../Core/Src/ApplicationCode.c:58:6:LCD_Visual_Demo	8	static
../Core/Src/ApplicationCode.c:62:6:Display_Play_Screen	8	static
../Core/Src/ApplicationCode.c:66:6:Display_Game_Bckrnd	8	static
../Core/Src/ApplicationCode.c:69:6:Display_Game_Time	24	static
../Core/Src/ApplicationCode.c:76:6:Clear_Game_Time	8	static
../Core/Src/ApplicationCode.c:80:6:LCD_Touch_Polling_Demo	8	static
../Core/Src/ApplicationCode.c:96:6:Check_Play_Pressed	8	static
../Core/Src/ApplicationCode.c:99:6:Clear_LCD_Screen	8	static
../Core/Src/ApplicationCode.c:102:6:Display_Current_Square	16	static
../Core/Src/ApplicationCode.c:108:6:Display_Current_GameState	24	static
../Core/Src/ApplicationCode.c:121:6:Erase_Current_Square	16	static
../Core/Src/ApplicationCode.c:127:6:Pull_Touch_Input	16	static
../Core/Src/ApplicationCode.c:150:6:Check_Alive	8	static
../Core/Src/ApplicationCode.c:153:6:New_Game	8	static
../Core/Src/ApplicationCode.c:157:6:End_Game	16	static
../Core/Src/ApplicationCode.c:262:6:EXTI0_IRQHandler	8	static
../Core/Src/ApplicationCode.c:279:6:TIM2_IRQHandler	8	static
../Core/Src/ApplicationCode.c:285:6:TIM3_IRQHandler	8	static
