../Core/Src/gameLogic.c:21:6:Game_init	1120	static
../Core/Src/gameLogic.c:82:6:Game_Start	16	static
../Core/Src/gameLogic.c:94:6:Game_Set_Block	16	static
../Core/Src/gameLogic.c:100:6:Game_Move_Left	8	static
../Core/Src/gameLogic.c:105:6:Game_Move_Right	8	static
../Core/Src/gameLogic.c:110:6:Game_Rotate_Clock	8	static
../Core/Src/gameLogic.c:116:6:Game_Rotate_Counter_Clock	8	static
../Core/Src/gameLogic.c:122:6:Game_Drop_Block	8	static
../Core/Src/gameLogic.c:130:6:Game_Lock_Block	16	static
../Core/Src/gameLogic.c:139:6:Game_Spawn_Block	16	static
../Core/Src/gameLogic.c:156:6:Game_Find_Clear_Lines	24	static
../Core/Src/gameLogic.c:193:6:Game_Clear_Line	32	static
../Core/Src/gameLogic.c:203:6:Game_Check_Collision	24	static
../Core/Src/gameLogic.c:218:6:Game_Check_Alive	4	static
../Core/Src/gameLogic.c:221:9:Game_get_Xcord	4	static
../Core/Src/gameLogic.c:224:9:Game_get_Ycord	4	static
../Core/Src/gameLogic.c:227:13:Game_get_Current_Block	4	static
../Core/Src/gameLogic.c:230:6:Game_get_State_At	16	static
../Core/Src/gameLogic.c:233:10:Game_get_Single_Clears	4	static
../Core/Src/gameLogic.c:236:10:Game_get_Double_Clears	4	static
../Core/Src/gameLogic.c:239:10:Game_get_Tripple_Clears	4	static
../Core/Src/gameLogic.c:242:10:Game_get_Tetris_Clears	4	static
../Core/Src/gameLogic.c:245:6:Game_Reset_Clears	4	static
