../Core/Src/LCD_Driver.c:33:6:LCD_GPIO_Init	56	static
../Core/Src/LCD_Driver.c:116:6:LTCD_Layer_Init	72	static
../Core/Src/LCD_Driver.c:143:6:clearScreen	8	static
../Core/Src/LCD_Driver.c:148:6:LTCD__Init	8	static
../Core/Src/LCD_Driver.c:207:6:LCD_Draw_Pixel	16	static
../Core/Src/LCD_Driver.c:217:6:LCD_Draw_Circle_Fill	32	static
../Core/Src/LCD_Driver.c:231:6:LCD_Draw_Vertical_Line	32	static
../Core/Src/LCD_Driver.c:238:6:LCD_Draw_Horizontal_Line	32	static
../Core/Src/LCD_Driver.c:244:6:LCD_Draw_Square	24	static
../Core/Src/LCD_Driver.c:252:6:LCD_Clear	24	static
../Core/Src/LCD_Driver.c:263:6:LCD_SetTextColor	16	static
../Core/Src/LCD_Driver.c:269:6:LCD_SetFont	16	static
../Core/Src/LCD_Driver.c:275:6:LCD_Draw_Char	24	static
../Core/Src/LCD_Driver.c:295:6:LCD_DisplayChar	16	static
../Core/Src/LCD_Driver.c:301:6:visualDemo	16	static
../Core/Src/LCD_Driver.c:351:6:LCD_Error_Handler	4	static,ignoring_inline_asm
../Core/Src/LCD_Driver.c:363:6:LCD_Draw_Game_Over	8	static
../Core/Src/LCD_Driver.c:377:6:LCD_Draw_Game_Time	16	static
../Core/Src/LCD_Driver.c:394:6:LCD_Clear_Game_Time	16	static
../Core/Src/LCD_Driver.c:400:6:LCD_Draw_Lines_Cleared	24	static
../Core/Src/LCD_Driver.c:443:6:LCD_Draw_Play_Icon	8	static
../Core/Src/LCD_Driver.c:459:6:LCD_Draw_Homescreen_Blocks	120	static
../Core/Src/LCD_Driver.c:475:6:LCD_Draw_Board_Background	16	static
../Core/Src/LCD_Driver.c:481:6:LCD_Update_Block_Location	32	static
../Core/Src/LCD_Driver.c:493:6:LCD_Draw_Test_Squares	24	static
../Core/Src/LCD_Driver.c:506:6:InitializeLCDTouch	8	static
../Core/Src/LCD_Driver.c:514:18:returnTouchStateAndLocation	16	static
../Core/Src/LCD_Driver.c:519:6:DetermineTouchPosition	16	static
../Core/Src/LCD_Driver.c:524:9:ReadRegisterFromTouchModule	16	static
../Core/Src/LCD_Driver.c:529:6:WriteDataToTouchModule	16	static
